                      (                       BONUS.ASM):00001 00001   ORG     $517E
517E 8E2000           (                       BONUS.ASM):00002 00002 BONUSR    LDX     #$2000
5181 301F             (                       BONUS.ASM):00003 00003 BONUS1    LEAX    -1,X
5183 26FC             (                       BONUS.ASM):00004 00004   BNE     BONUS1
5185 8E5302           (                       BONUS.ASM):00005 00005   LDX     #$5302
5188 108E10A8         (                       BONUS.ASM):00006 00006   LDY     #$10A8
518C BD51EA           (                       BONUS.ASM):00007 00007   JSR     PRNST
518F 8E52CA           (                       BONUS.ASM):00008 00008   LDX     #$52CA
5192 108E10B0         (                       BONUS.ASM):00009 00009   LDY     #$10B0
5196 BD51EA           (                       BONUS.ASM):00010 00010   JSR     PRNST
5199 12               (                       BONUS.ASM):00011 00011   NOP
519A 7E51B9           (                       BONUS.ASM):00012 00012   JMP     START
519D 8E51E2           (                       BONUS.ASM):00013 00013   LDX     #TBLBON
51A0 B652C9           (                       BONUS.ASM):00014 00014   LDA     $52C9
51A3 4A               (                       BONUS.ASM):00015 00015   DECA
51A4 5F               (                       BONUS.ASM):00016 00016   CLRB
51A5 48               (                       BONUS.ASM):00017 00017   LSLA
51A6 AE86             (                       BONUS.ASM):00018 00018   LDX     A,X
51A8 C607             (                       BONUS.ASM):00019 00019   LDB     #7
51AA F752C8           (                       BONUS.ASM):00020 00020   STB     $52C8
51AD EC81             (                       BONUS.ASM):00021 00021 LOOP2     LDD     ,X++
51AF EDA4             (                       BONUS.ASM):00022 00022   STD     ,Y
51B1 31A820           (                       BONUS.ASM):00023 00023   LEAY    $20,Y
51B4 7A52C8           (                       BONUS.ASM):00024 00024   DEC     $52C8
51B7 26F4             (                       BONUS.ASM):00025 00025   BNE     LOOP2
     5CF2             (                       BONUS.ASM):00026 00026 SONDX1    EQU     $5CF2
     5CC8             (                       BONUS.ASM):00027 00027 SOUNDX    EQU     $5CC8
     5D03             (                       BONUS.ASM):00028 00028 SONDX2    EQU     $5D03
51B9 BD51CA           (                       BONUS.ASM):00029 00029 START     JSR     WHOP
51BC BD51CA           (                       BONUS.ASM):00030 00030   JSR     WHOP
51BF BD51CA           (                       BONUS.ASM):00031 00031   JSR     WHOP
51C2 BD51CA           (                       BONUS.ASM):00032 00032   JSR     WHOP
51C5 BD51CA           (                       BONUS.ASM):00033 00033   JSR     WHOP
51C8 39               (                       BONUS.ASM):00034 00034   RTS
51C9 12               (                       BONUS.ASM):00035 00035   NOP
51CA CC0076           (                       BONUS.ASM):00036 00036 WHOP      LDD     #$76
51CD FD5CF2           (                       BONUS.ASM):00037 00037 WHOOP     STD     SONDX1
51D0 FD5D03           (                       BONUS.ASM):00038 00038   STD     SONDX2
51D3 BD5CC8           (                       BONUS.ASM):00039 00039   JSR     SOUNDX
51D6 BD5CC8           (                       BONUS.ASM):00040 00040   JSR     SOUNDX
51D9 FC5CF2           (                       BONUS.ASM):00041 00041   LDD     SONDX1
51DC 5A               (                       BONUS.ASM):00042 00042   DECB
51DD 5A               (                       BONUS.ASM):00043 00043   DECB
51DE 26ED             (                       BONUS.ASM):00044 00044   BNE     WHOOP
51E0 39               (                       BONUS.ASM):00045 00045   RTS
51E1 39               (                       BONUS.ASM):00046 00046   RTS
51E2 5900             (                       BONUS.ASM):00047 00047 TBLBON    FDB     $5900
51E4 5910             (                       BONUS.ASM):00048 00048   FDB     $5910
51E6 533A             (                       BONUS.ASM):00049 00049   FDB     $533A
51E8 5348             (                       BONUS.ASM):00050 00050   FDB     $5348
51EA C607             (                       BONUS.ASM):00051 00051 PRNST     LDB     #7
51EC F752C8           (                       BONUS.ASM):00052 00052   STB     $52C8
51EF C604             (                       BONUS.ASM):00053 00053 LOOP      LDB     #4
51F1 F7526C           (                       BONUS.ASM):00054 00054   STB     LINCNT
51F4 EC81             (                       BONUS.ASM):00055 00055 LOOP1     LDD     ,X++
51F6 EDA1             (                       BONUS.ASM):00056 00056   STD     ,Y++
51F8 7A526C           (                       BONUS.ASM):00057 00057   DEC     LINCNT
51FB 26F7             (                       BONUS.ASM):00058 00058   BNE     LOOP1
51FD 31A818           (                       BONUS.ASM):00059 00059   LEAY    $18,Y
5200 7A52C8           (                       BONUS.ASM):00060 00060   DEC     $52C8
5203 26EA             (                       BONUS.ASM):00061 00061   BNE     LOOP
5205 39               (                       BONUS.ASM):00062 00062   RTS
5206 8E2000           (                       BONUS.ASM):00063 00063 BONRN1    LDX     #$2000
5209 301F             (                       BONUS.ASM):00064 00064 LOOP10    LEAX    -1,X
520B 26FC             (                       BONUS.ASM):00065 00065   BNE     LOOP10
520D 8E526D           (                       BONUS.ASM):00066 00066   LDX     #$526D
5210 108E10A5         (                       BONUS.ASM):00067 00067   LDY     #$10A5
5214 C607             (                       BONUS.ASM):00068 00068   LDB     #7
5216 F752C8           (                       BONUS.ASM):00069 00069   STB     $52C8
5219 C606             (                       BONUS.ASM):00070 00070 LOOP3     LDB     #6
521B F7526C           (                       BONUS.ASM):00071 00071   STB     LINCNT
521E EC81             (                       BONUS.ASM):00072 00072 LOOP4     LDD     ,X++
5220 EDA1             (                       BONUS.ASM):00073 00073   STD     ,Y++
5222 7A526C           (                       BONUS.ASM):00074 00074   DEC     LINCNT
5225 26F7             (                       BONUS.ASM):00075 00075   BNE     LOOP4
5227 E680             (                       BONUS.ASM):00076 00076   LDB     ,X+
5229 E7A4             (                       BONUS.ASM):00077 00077   STB     ,Y
522B 31A814           (                       BONUS.ASM):00078 00078   LEAY    $14,Y
522E 7A52C8           (                       BONUS.ASM):00079 00079   DEC     $52C8
5231 26E6             (                       BONUS.ASM):00080 00080   BNE     LOOP3
5233 8E5302           (                       BONUS.ASM):00081 00081   LDX     #$5302
5236 108E10B3         (                       BONUS.ASM):00082 00082   LDY     #$10B3
523A BD51EA           (                       BONUS.ASM):00083 00083   JSR     PRNST
523D CC0010           (                       BONUS.ASM):00084 00084   LDD     #$10
5240 FD5CF2           (                       BONUS.ASM):00085 00085   STD     $5CF2
5243 FD5D03           (                       BONUS.ASM):00086 00086   STD     $5D03
5246 BD5257           (                       BONUS.ASM):00087 00087   JSR     LOOP5
5249 BD5257           (                       BONUS.ASM):00088 00088   JSR     LOOP5
524C BD5257           (                       BONUS.ASM):00089 00089   JSR     LOOP5
524F 8E2000           (                       BONUS.ASM):00090 00090   LDX     #$2000
5252 301F             (                       BONUS.ASM):00091 00091 LOOP9     LEAX    -1,X
5254 26FC             (                       BONUS.ASM):00092 00092   BNE     LOOP9
5256 39               (                       BONUS.ASM):00093 00093   RTS
5257 C6D0             (                       BONUS.ASM):00094 00094 LOOP5     LDB     #$D0
5259 F7526C           (                       BONUS.ASM):00095 00095   STB     LINCNT
525C BD5CC8           (                       BONUS.ASM):00096 00096 LOOP6     JSR     $5CC8
525F 7A526C           (                       BONUS.ASM):00097 00097   DEC     LINCNT
5262 26F8             (                       BONUS.ASM):00098 00098   BNE     LOOP6
5264 8E1000           (                       BONUS.ASM):00099 00099   LDX     #$1000
5267 301F             (                       BONUS.ASM):00100 00100 LOOP7     LEAX    -1,X
5269 26FC             (                       BONUS.ASM):00101 00101   BNE     LOOP7
526B 39               (                       BONUS.ASM):00102 00102   RTS
526C 00               (                       BONUS.ASM):00103 00103 LINCNT    FCB     0
     526C             (                       BONUS.ASM):00104 00104 LAST      EQU     .-1
                      (                       BONUS.ASM):00105 00105   END     BONUSR

Symbol Table:
[ G] BONRN1                           5206
[ G] BONUS1                           5181
[ G] BONUSR                           517E
[ G] LAST                             526C
[ G] LINCNT                           526C
[ G] LOOP                             51EF
[ G] LOOP1                            51F4
[ G] LOOP10                           5209
[ G] LOOP2                            51AD
[ G] LOOP3                            5219
[ G] LOOP4                            521E
[ G] LOOP5                            5257
[ G] LOOP6                            525C
[ G] LOOP7                            5267
[ G] LOOP9                            5252
[ G] PRNST                            51EA
[ G] SONDX1                           5CF2
[ G] SONDX2                           5D03
[ G] SOUNDX                           5CC8
[ G] START                            51B9
[ G] TBLBON                           51E2
[ G] WHOOP                            51CD
[ G] WHOP                             51CA
