                      (                       DATA3.ASM):00001 00100   ORG     $5BDC
5BDC 02               (                       DATA3.ASM):00002 00110 PATRN1    FCB     $02
5BDD 02               (                       DATA3.ASM):00003 00120   FCB     $02
5BDE 03               (                       DATA3.ASM):00004 00130   FCB     $03
5BDF 02               (                       DATA3.ASM):00005 00140   FCB     $02
5BE0 02               (                       DATA3.ASM):00006 00150   FCB     $02
5BE1 03               (                       DATA3.ASM):00007 00160   FCB     $03
5BE2 03               (                       DATA3.ASM):00008 00170   FCB     $03
5BE3 04               (                       DATA3.ASM):00009 00180   FCB     $04
5BE4 05               (                       DATA3.ASM):00010 00190   FCB     $05
5BE5 05               (                       DATA3.ASM):00011 00200   FCB     $05
5BE6 06               (                       DATA3.ASM):00012 00210   FCB     $06
5BE7 06               (                       DATA3.ASM):00013 00220   FCB     $06
5BE8 05               (                       DATA3.ASM):00014 00230   FCB     $05
5BE9 06               (                       DATA3.ASM):00015 00240   FCB     $06
5BEA 06               (                       DATA3.ASM):00016 00250   FCB     $06
5BEB 06               (                       DATA3.ASM):00017 00260   FCB     $06
5BEC 06               (                       DATA3.ASM):00018 00270   FCB     $06
5BED 07               (                       DATA3.ASM):00019 00280   FCB     $07
5BEE 06               (                       DATA3.ASM):00020 00290   FCB     $06
5BEF 06               (                       DATA3.ASM):00021 00300   FCB     $06
5BF0 07               (                       DATA3.ASM):00022 00310   FCB     $07
5BF1 07               (                       DATA3.ASM):00023 00320   FCB     $07
5BF2 00               (                       DATA3.ASM):00024 00330   FCB     $00
5BF3 01               (                       DATA3.ASM):00025 00340   FCB     $01
5BF4 01               (                       DATA3.ASM):00026 00350   FCB     $01
5BF5 02               (                       DATA3.ASM):00027 00360   FCB     $02
5BF6 02               (                       DATA3.ASM):00028 00370   FCB     $02
5BF7 01               (                       DATA3.ASM):00029 00380   FCB     $01
5BF8 02               (                       DATA3.ASM):00030 00390   FCB     $02
5BF9 02               (                       DATA3.ASM):00031 00400   FCB     $02
5BFA 1E               (                       DATA3.ASM):00032 00410   FCB     $1E
5BFB 02               (                       DATA3.ASM):00033 00420 PATRN2    FCB     $02
5BFC 02               (                       DATA3.ASM):00034 00430   FCB     $02
5BFD 03               (                       DATA3.ASM):00035 00440   FCB     $03
5BFE 02               (                       DATA3.ASM):00036 00450   FCB     $02
5BFF 02               (                       DATA3.ASM):00037 00460   FCB     $02
5C00 03               (                       DATA3.ASM):00038 00470   FCB     $03
5C01 03               (                       DATA3.ASM):00039 00480   FCB     $03
5C02 04               (                       DATA3.ASM):00040 00490   FCB     $04
5C03 05               (                       DATA3.ASM):00041 00500   FCB     $05
5C04 05               (                       DATA3.ASM):00042 00510   FCB     $05
5C05 06               (                       DATA3.ASM):00043 00520   FCB     $06
5C06 06               (                       DATA3.ASM):00044 00530   FCB     $06
5C07 05               (                       DATA3.ASM):00045 00540   FCB     $05
5C08 06               (                       DATA3.ASM):00046 00550   FCB     $06
5C09 06               (                       DATA3.ASM):00047 00560   FCB     $06
5C0A 06               (                       DATA3.ASM):00048 00570   FCB     $06
5C0B 06               (                       DATA3.ASM):00049 00580   FCB     $06
5C0C 07               (                       DATA3.ASM):00050 00590   FCB     $07
5C0D 06               (                       DATA3.ASM):00051 00600   FCB     $06
5C0E 06               (                       DATA3.ASM):00052 00610   FCB     $06
5C0F 07               (                       DATA3.ASM):00053 00620   FCB     $07
5C10 07               (                       DATA3.ASM):00054 00630   FCB     $07
5C11 00               (                       DATA3.ASM):00055 00640   FCB     $00
5C12 01               (                       DATA3.ASM):00056 00650   FCB     $01
5C13 01               (                       DATA3.ASM):00057 00660   FCB     $01
5C14 02               (                       DATA3.ASM):00058 00670   FCB     $02
5C15 02               (                       DATA3.ASM):00059 00680   FCB     $02
5C16 01               (                       DATA3.ASM):00060 00700   FCB     $01
5C17 02               (                       DATA3.ASM):00061 00710   FCB     $02
5C18 02               (                       DATA3.ASM):00062 00720   FCB     $02
5C19 06               (                       DATA3.ASM):00063 00730   FCB     $06
5C1A 06               (                       DATA3.ASM):00064 00740   FCB     $06
5C1B 05               (                       DATA3.ASM):00065 00750   FCB     $05
5C1C 06               (                       DATA3.ASM):00066 00760   FCB     $06
5C1D 06               (                       DATA3.ASM):00067 00770   FCB     $06
5C1E 05               (                       DATA3.ASM):00068 00780   FCB     $05
5C1F 05               (                       DATA3.ASM):00069 00790   FCB     $05
5C20 04               (                       DATA3.ASM):00070 00800   FCB     $04
5C21 03               (                       DATA3.ASM):00071 00810   FCB     $03
5C22 03               (                       DATA3.ASM):00072 00820   FCB     $03
5C23 02               (                       DATA3.ASM):00073 00830   FCB     $02
5C24 02               (                       DATA3.ASM):00074 00840   FCB     $02
5C25 03               (                       DATA3.ASM):00075 00850   FCB     $03
5C26 02               (                       DATA3.ASM):00076 00860   FCB     $02
5C27 02               (                       DATA3.ASM):00077 00870   FCB     $02
5C28 02               (                       DATA3.ASM):00078 00880   FCB     $02
5C29 02               (                       DATA3.ASM):00079 00890   FCB     $02
5C2A 01               (                       DATA3.ASM):00080 00900   FCB     $01
5C2B 02               (                       DATA3.ASM):00081 00910   FCB     $02
5C2C 02               (                       DATA3.ASM):00082 00920   FCB     $02
5C2D 01               (                       DATA3.ASM):00083 00930   FCB     $01
5C2E 01               (                       DATA3.ASM):00084 00940   FCB     $01
5C2F 00               (                       DATA3.ASM):00085 00950   FCB     $00
5C30 07               (                       DATA3.ASM):00086 00960   FCB     $07
5C31 07               (                       DATA3.ASM):00087 00970   FCB     $07
5C32 06               (                       DATA3.ASM):00088 00980   FCB     $06
5C33 06               (                       DATA3.ASM):00089 00990   FCB     $06
5C34 07               (                       DATA3.ASM):00090 01000   FCB     $07
5C35 06               (                       DATA3.ASM):00091 01010   FCB     $06
5C36 06               (                       DATA3.ASM):00092 01020   FCB     $06
5C37 3C               (                       DATA3.ASM):00093 01030   FCB     $3C
5C38 01               (                       DATA3.ASM):00094 01040 PATRN3    FCB     $01
5C39 02               (                       DATA3.ASM):00095 01050   FCB     $02
5C3A 01               (                       DATA3.ASM):00096 01060   FCB     $01
5C3B 02               (                       DATA3.ASM):00097 01070   FCB     $02
5C3C 01               (                       DATA3.ASM):00098 01080   FCB     $01
5C3D 02               (                       DATA3.ASM):00099 01090   FCB     $02
5C3E 01               (                       DATA3.ASM):00100 01100   FCB     $01
5C3F 02               (                       DATA3.ASM):00101 01110   FCB     $02
5C40 01               (                       DATA3.ASM):00102 01120   FCB     $01
5C41 02               (                       DATA3.ASM):00103 01130   FCB     $02
5C42 01               (                       DATA3.ASM):00104 01140   FCB     $01
5C43 02               (                       DATA3.ASM):00105 01150   FCB     $02
5C44 03               (                       DATA3.ASM):00106 01160   FCB     $03
5C45 02               (                       DATA3.ASM):00107 01170   FCB     $02
5C46 03               (                       DATA3.ASM):00108 01180   FCB     $03
5C47 02               (                       DATA3.ASM):00109 01190   FCB     $02
5C48 03               (                       DATA3.ASM):00110 01200   FCB     $03
5C49 02               (                       DATA3.ASM):00111 01210   FCB     $02
5C4A 03               (                       DATA3.ASM):00112 01220   FCB     $03
5C4B 02               (                       DATA3.ASM):00113 01230   FCB     $02
5C4C 03               (                       DATA3.ASM):00114 01240   FCB     $03
5C4D 02               (                       DATA3.ASM):00115 01250   FCB     $02
5C4E 03               (                       DATA3.ASM):00116 01260   FCB     $03
5C4F 02               (                       DATA3.ASM):00117 01270   FCB     $02
5C50 06               (                       DATA3.ASM):00118 01280   FCB     $06
5C51 07               (                       DATA3.ASM):00119 01290   FCB     $07
5C52 06               (                       DATA3.ASM):00120 01300   FCB     $06
5C53 07               (                       DATA3.ASM):00121 01310   FCB     $07
5C54 06               (                       DATA3.ASM):00122 01320   FCB     $06
5C55 07               (                       DATA3.ASM):00123 01330   FCB     $07
5C56 06               (                       DATA3.ASM):00124 01340   FCB     $06
5C57 07               (                       DATA3.ASM):00125 01350   FCB     $07
5C58 06               (                       DATA3.ASM):00126 01360   FCB     $06
5C59 07               (                       DATA3.ASM):00127 01370   FCB     $07
5C5A 06               (                       DATA3.ASM):00128 01380   FCB     $06
5C5B 07               (                       DATA3.ASM):00129 01390   FCB     $07
5C5C 06               (                       DATA3.ASM):00130 01400   FCB     $06
5C5D 05               (                       DATA3.ASM):00131 01410   FCB     $05
5C5E 06               (                       DATA3.ASM):00132 01420   FCB     $06
5C5F 05               (                       DATA3.ASM):00133 01430   FCB     $05
5C60 06               (                       DATA3.ASM):00134 01440   FCB     $06
5C61 05               (                       DATA3.ASM):00135 01450   FCB     $05
5C62 06               (                       DATA3.ASM):00136 01460   FCB     $06
5C63 05               (                       DATA3.ASM):00137 01470   FCB     $05
5C64 06               (                       DATA3.ASM):00138 01480   FCB     $06
5C65 05               (                       DATA3.ASM):00139 01490   FCB     $05
5C66 06               (                       DATA3.ASM):00140 01500   FCB     $06
5C67 05               (                       DATA3.ASM):00141 01510   FCB     $05
5C68 30               (                       DATA3.ASM):00142 01520   FCB     $30
5C69 06               (                       DATA3.ASM):00143 01530 PATRN4    FCB     $06
5C6A 06               (                       DATA3.ASM):00144 01540   FCB     $06
5C6B 06               (                       DATA3.ASM):00145 01550   FCB     $06
5C6C 06               (                       DATA3.ASM):00146 01560   FCB     $06
5C6D 06               (                       DATA3.ASM):00147 01570   FCB     $06
5C6E 06               (                       DATA3.ASM):00148 01580   FCB     $06
5C6F 06               (                       DATA3.ASM):00149 01590   FCB     $06
5C70 06               (                       DATA3.ASM):00150 01600   FCB     $06
5C71 03               (                       DATA3.ASM):00151 01610   FCB     $03
5C72 03               (                       DATA3.ASM):00152 01620   FCB     $03
5C73 03               (                       DATA3.ASM):00153 01630   FCB     $03
5C74 03               (                       DATA3.ASM):00154 01640   FCB     $03
5C75 03               (                       DATA3.ASM):00155 01650   FCB     $03
5C76 03               (                       DATA3.ASM):00156 01660   FCB     $03
5C77 03               (                       DATA3.ASM):00157 01670   FCB     $03
5C78 03               (                       DATA3.ASM):00158 01680   FCB     $03
5C79 01               (                       DATA3.ASM):00159 01690   FCB     $01
5C7A 01               (                       DATA3.ASM):00160 01700   FCB     $01
5C7B 01               (                       DATA3.ASM):00161 01710   FCB     $01
5C7C 01               (                       DATA3.ASM):00162 01720   FCB     $01
5C7D 01               (                       DATA3.ASM):00163 01730   FCB     $01
5C7E 01               (                       DATA3.ASM):00164 01740   FCB     $01
5C7F 01               (                       DATA3.ASM):00165 01750   FCB     $01
5C80 01               (                       DATA3.ASM):00166 01760   FCB     $01
5C81 06               (                       DATA3.ASM):00167 01780   FCB     $06
5C82 06               (                       DATA3.ASM):00168 01790   FCB     $06
5C83 06               (                       DATA3.ASM):00169 01800   FCB     $06
5C84 06               (                       DATA3.ASM):00170 01810   FCB     $06
5C85 06               (                       DATA3.ASM):00171 01820   FCB     $06
5C86 06               (                       DATA3.ASM):00172 01830   FCB     $06
5C87 06               (                       DATA3.ASM):00173 01840   FCB     $06
5C88 06               (                       DATA3.ASM):00174 01850   FCB     $06
5C89 20               (                       DATA3.ASM):00175 01860   FCB     $20
5C8A 05               (                       DATA3.ASM):00176 01870 PATRN5    FCB     $05
5C8B 05               (                       DATA3.ASM):00177 01880   FCB     $05
5C8C 06               (                       DATA3.ASM):00178 01890   FCB     $06
5C8D 05               (                       DATA3.ASM):00179 01900   FCB     $05
5C8E 06               (                       DATA3.ASM):00180 01910   FCB     $06
5C8F 06               (                       DATA3.ASM):00181 01920   FCB     $06
5C90 06               (                       DATA3.ASM):00182 01930   FCB     $06
5C91 06               (                       DATA3.ASM):00183 01940   FCB     $06
5C92 06               (                       DATA3.ASM):00184 01950   FCB     $06
5C93 06               (                       DATA3.ASM):00185 01960   FCB     $06
5C94 07               (                       DATA3.ASM):00186 01970   FCB     $07
5C95 06               (                       DATA3.ASM):00187 01980   FCB     $06
5C96 07               (                       DATA3.ASM):00188 01990   FCB     $07
5C97 07               (                       DATA3.ASM):00189 02000   FCB     $07
5C98 00               (                       DATA3.ASM):00190 02010   FCB     $00
5C99 01               (                       DATA3.ASM):00191 02020   FCB     $01
5C9A 01               (                       DATA3.ASM):00192 02030   FCB     $01
5C9B 02               (                       DATA3.ASM):00193 02040   FCB     $02
5C9C 01               (                       DATA3.ASM):00194 02050   FCB     $01
5C9D 02               (                       DATA3.ASM):00195 02060   FCB     $02
5C9E 02               (                       DATA3.ASM):00196 02070   FCB     $02
5C9F 02               (                       DATA3.ASM):00197 02080   FCB     $02
5CA0 02               (                       DATA3.ASM):00198 02090   FCB     $02
5CA1 02               (                       DATA3.ASM):00199 02100   FCB     $02
5CA2 02               (                       DATA3.ASM):00200 02110   FCB     $02
5CA3 03               (                       DATA3.ASM):00201 02120   FCB     $03
5CA4 02               (                       DATA3.ASM):00202 02130   FCB     $02
5CA5 03               (                       DATA3.ASM):00203 02140   FCB     $03
5CA6 03               (                       DATA3.ASM):00204 02150   FCB     $03
5CA7 03               (                       DATA3.ASM):00205 02160   FCB     $03
5CA8 03               (                       DATA3.ASM):00206 02170   FCB     $03
5CA9 03               (                       DATA3.ASM):00207 02180   FCB     $03
5CAA 02               (                       DATA3.ASM):00208 02190   FCB     $02
5CAB 03               (                       DATA3.ASM):00209 02200   FCB     $03
5CAC 02               (                       DATA3.ASM):00210 02210   FCB     $02
5CAD 02               (                       DATA3.ASM):00211 02220   FCB     $02
5CAE 02               (                       DATA3.ASM):00212 02230   FCB     $02
5CAF 02               (                       DATA3.ASM):00213 02240   FCB     $02
5CB0 02               (                       DATA3.ASM):00214 02250   FCB     $02
5CB1 02               (                       DATA3.ASM):00215 02260   FCB     $02
5CB2 01               (                       DATA3.ASM):00216 02270   FCB     $01
5CB3 02               (                       DATA3.ASM):00217 02280   FCB     $02
5CB4 01               (                       DATA3.ASM):00218 02290   FCB     $01
5CB5 01               (                       DATA3.ASM):00219 02300   FCB     $01
5CB6 00               (                       DATA3.ASM):00220 02310   FCB     $00
5CB7 07               (                       DATA3.ASM):00221 02320   FCB     $07
5CB8 07               (                       DATA3.ASM):00222 02330   FCB     $07
5CB9 06               (                       DATA3.ASM):00223 02340   FCB     $06
5CBA 07               (                       DATA3.ASM):00224 02350   FCB     $07
5CBB 06               (                       DATA3.ASM):00225 02360   FCB     $06
5CBC 06               (                       DATA3.ASM):00226 02370   FCB     $06
5CBD 06               (                       DATA3.ASM):00227 02380   FCB     $06
5CBE 06               (                       DATA3.ASM):00228 02390   FCB     $06
5CBF 06               (                       DATA3.ASM):00229 02400   FCB     $06
5CC0 06               (                       DATA3.ASM):00230 02410   FCB     $06
5CC1 05               (                       DATA3.ASM):00231 02420   FCB     $05
5CC2 06               (                       DATA3.ASM):00232 02430   FCB     $06
5CC3 05               (                       DATA3.ASM):00233 02440   FCB     $05
5CC4 05               (                       DATA3.ASM):00234 02450   FCB     $05
5CC5 05               (                       DATA3.ASM):00235 02460   FCB     $05
5CC6 3C               (                       DATA3.ASM):00236 02470   FCB     $3C
                      (                       DATA3.ASM):00237 07000   END

Symbol Table:
[ G] PATRN1                           5BDC
[ G] PATRN2                           5BFB
[ G] PATRN3                           5C38
[ G] PATRN4                           5C69
[ G] PATRN5                           5C8A
