                      (                       SOUND.ASM):00001 00001   ORG     $5CC7
5CC7 00               (                       SOUND.ASM):00002 00002 SONXBT    FCB     0
5CC8 3416             (                       SOUND.ASM):00003 00003 SOUND     PSHS    X,B,A
5CCA B6FF01           (                       SOUND.ASM):00004 00004   LDA     $FF01
5CCD 84F7             (                       SOUND.ASM):00005 00005   ANDA    #$F7
5CCF B7FF01           (                       SOUND.ASM):00006 00006   STA     $FF01
5CD2 B6FF03           (                       SOUND.ASM):00007 00007   LDA     $FF03
5CD5 84F7             (                       SOUND.ASM):00008 00008   ANDA    #$F7
5CD7 B7FF03           (                       SOUND.ASM):00009 00009   STA     $FF03
5CDA B6FF23           (                       SOUND.ASM):00010 00010   LDA     $FF23
5CDD 8A08             (                       SOUND.ASM):00011 00011   ORA     #8
5CDF B7FF23           (                       SOUND.ASM):00012 00012   STA     $FF23
5CE2 B65CC7           (                       SOUND.ASM):00013 00013   LDA     SONXBT
5CE5 C6C0             (                       SOUND.ASM):00014 00014   LDB     #$C0
5CE7 E7E2             (                       SOUND.ASM):00015 00015   STB     ,-S
5CE9 A8E0             (                       SOUND.ASM):00016 00016   EORA    ,S+
5CEB B75CC7           (                       SOUND.ASM):00017 00017   STA     SONXBT
5CEE B7FF20           (                       SOUND.ASM):00018 00018   STA     $FF20
5CF1 8E0001           (                       SOUND.ASM):00019 00019   LDX     #1
     5CF2             (                       SOUND.ASM):00020 00020 SONDX1    EQU     .-2
5CF4 301F             (                       SOUND.ASM):00021 00021 SONLP1    LEAX    -1,X
5CF6 26FC             (                       SOUND.ASM):00022 00022   BNE     SONLP1
5CF8 E7E2             (                       SOUND.ASM):00023 00023   STB     ,-S
5CFA A8E0             (                       SOUND.ASM):00024 00024   EORA    ,S+
5CFC B75CC7           (                       SOUND.ASM):00025 00025   STA     SONXBT
5CFF B7FF20           (                       SOUND.ASM):00026 00026   STA     $FF20
5D02 8E0001           (                       SOUND.ASM):00027 00027   LDX     #1
     5D03             (                       SOUND.ASM):00028 00028 SONDX2    EQU     .-2
5D05 301F             (                       SOUND.ASM):00029 00029 SONLP2    LEAX    -1,X
5D07 26FC             (                       SOUND.ASM):00030 00030   BNE     SONLP2
5D09 3596             (                       SOUND.ASM):00031 00031   PULS    A,B,X,PC
     5D0A             (                       SOUND.ASM):00032 00032 LAST      EQU     .-1
                      (                       SOUND.ASM):00033 00033   END

Symbol Table:
[ G] LAST                             5D0A
[ G] SONDX1                           5CF2
[ G] SONDX2                           5D03
[ G] SONLP1                           5CF4
[ G] SONLP2                           5D05
[ G] SONXBT                           5CC7
[ G] SOUND                            5CC8
