                      (                      XPLODE.ASM):00001 00001   ORG     $4E00
4E00 BD4EC4           (                      XPLODE.ASM):00002 00002 XPLODE    JSR     REVERS
4E03 BD5D0B           (                      XPLODE.ASM):00003 00003   JSR     $5D0B
4E06 BD5D0B           (                      XPLODE.ASM):00004 00004   JSR     $5D0B
4E09 BD5D0B           (                      XPLODE.ASM):00005 00005   JSR     $5D0B
4E0C BD5D0B           (                      XPLODE.ASM):00006 00006   JSR     $5D0B
4E0F BD4EC4           (                      XPLODE.ASM):00007 00007   JSR     REVERS
4E12 8E4F45           (                      XPLODE.ASM):00008 00008   LDX     #PNTTBL
4E15 108E4EDF         (                      XPLODE.ASM):00009 00009   LDY     #COLTBL
4E19 C63C             (                      XPLODE.ASM):00010 00010   LDB     #60
4E1B F74EDD           (                      XPLODE.ASM):00011 00011   STB     PNTCNT
4E1E C6B8             (                      XPLODE.ASM):00012 00012 STPNT     LDB     #184
4E20 B65AA5           (                      XPLODE.ASM):00013 00013   LDA     SHPPOS
4E23 8B07             (                      XPLODE.ASM):00014 00014   ADDA    #7
4E25 48               (                      XPLODE.ASM):00015 00015   LSLA
4E26 E703             (                      XPLODE.ASM):00016 00016   STB     3,X
4E28 A702             (                      XPLODE.ASM):00017 00017   STA     2,X
4E2A A784             (                      XPLODE.ASM):00018 00018   STA     ,X
4E2C B65D3F           (                      XPLODE.ASM):00019 00019   LDA     $5D3F
4E2F 8403             (                      XPLODE.ASM):00020 00020   ANDA    #3
4E31 A6A6             (                      XPLODE.ASM):00021 00021   LDA     A,Y
4E33 A701             (                      XPLODE.ASM):00022 00022   STA     1,X
4E35 BD5D21           (                      XPLODE.ASM):00023 00023   JSR     $5D21
4E38 FC5D3F           (                      XPLODE.ASM):00024 00024   LDD     $5D3F
4E3B 8487             (                      XPLODE.ASM):00025 00025   ANDA    #$87
4E3D C40F             (                      XPLODE.ASM):00026 00026   ANDB    #15
4E3F C10C             (                      XPLODE.ASM):00027 00027   CMPB    #12
4E41 2502             (                      XPLODE.ASM):00028 00028   BCS     YVECOK
4E43 C008             (                      XPLODE.ASM):00029 00029   SUBB    #8
4E45 A704             (                      XPLODE.ASM):00030 00030 YVECOK    STA     4,X
4E47 CA80             (                      XPLODE.ASM):00031 00031   ORB     #$80
4E49 E705             (                      XPLODE.ASM):00032 00032   STB     5,X
4E4B F65D40           (                      XPLODE.ASM):00033 00033   LDB     $5D40
4E4E 54               (                      XPLODE.ASM):00034 00034   LSRB
4E4F 54               (                      XPLODE.ASM):00035 00035   LSRB
4E50 54               (                      XPLODE.ASM):00036 00036   LSRB
4E51 C403             (                      XPLODE.ASM):00037 00037   ANDB    #3
4E53 E706             (                      XPLODE.ASM):00038 00038   STB     6,X
4E55 3007             (                      XPLODE.ASM):00039 00039   LEAX    7,X
4E57 7A4EDD           (                      XPLODE.ASM):00040 00040   DEC     PNTCNT
4E5A 26C2             (                      XPLODE.ASM):00041 00041   BNE     STPNT
4E5C 8E4F45           (                      XPLODE.ASM):00042 00042 CNTLP1    LDX     #PNTTBL
4E5F 7F4EDE           (                      XPLODE.ASM):00043 00043   CLR     CNTPNT
4E62 C63C             (                      XPLODE.ASM):00044 00044   LDB     #60
4E64 F74EDD           (                      XPLODE.ASM):00045 00045   STB     PNTCNT
4E67 6D84             (                      XPLODE.ASM):00046 00046 CNTLOP    TST     ,X
4E69 2739             (                      XPLODE.ASM):00047 00047   BEQ     NTHERE
4E6B 6D06             (                      XPLODE.ASM):00048 00048   TST     6,X
4E6D 2704             (                      XPLODE.ASM):00049 00049   BEQ     NODEC
4E6F 6A06             (                      XPLODE.ASM):00050 00050   DEC     6,X
4E71 203F             (                      XPLODE.ASM):00051 00051   BRA     THERE
4E73 7F5DBD           (                      XPLODE.ASM):00052 00052 NODEC     CLR     $5DBD
4E76 EC02             (                      XPLODE.ASM):00053 00053   LDD     2,X
4E78 44               (                      XPLODE.ASM):00054 00054   LSRA
4E79 54               (                      XPLODE.ASM):00055 00055   LSRB
4E7A B75DBE           (                      XPLODE.ASM):00056 00056   STA     $5DBE
4E7D F75DBF           (                      XPLODE.ASM):00057 00057   STB     $5DBF
4E80 BD5D8F           (                      XPLODE.ASM):00058 00058   JSR     $5D8F
4E83 BD4F23           (                      XPLODE.ASM):00059 00059   JSR     ADDX
4E86 BD4EE3           (                      XPLODE.ASM):00060 00060   JSR     ADDY
4E89 6D84             (                      XPLODE.ASM):00061 00061   TST     ,X
4E8B 2717             (                      XPLODE.ASM):00062 00062   BEQ     NTHERE
4E8D EC02             (                      XPLODE.ASM):00063 00063   LDD     2,X
4E8F 44               (                      XPLODE.ASM):00064 00064   LSRA
4E90 54               (                      XPLODE.ASM):00065 00065   LSRB
4E91 B75DBE           (                      XPLODE.ASM):00066 00066   STA     $5DBE
4E94 F75DBF           (                      XPLODE.ASM):00067 00067   STB     $5DBF
4E97 A601             (                      XPLODE.ASM):00068 00068   LDA     1,X
4E99 B75DBD           (                      XPLODE.ASM):00069 00069   STA     $5DBD
4E9C BD5D8F           (                      XPLODE.ASM):00070 00070   JSR     $5D8F
4E9F BD5D0B           (                      XPLODE.ASM):00071 00071   JSR     $5D0B
4EA2 200E             (                      XPLODE.ASM):00072 00072   BRA     THERE
4EA4 7C4EDE           (                      XPLODE.ASM):00073 00073 NTHERE    INC     CNTPNT
4EA7 3410             (                      XPLODE.ASM):00074 00074   PSHS    X
4EA9 8E004B           (                      XPLODE.ASM):00075 00075   LDX     #75
4EAC 301F             (                      XPLODE.ASM):00076 00076 DELOOP    LEAX    -1,X
4EAE 26FC             (                      XPLODE.ASM):00077 00077   BNE     DELOOP
4EB0 3510             (                      XPLODE.ASM):00078 00078   PULS    X
4EB2 3007             (                      XPLODE.ASM):00079 00079 THERE     LEAX    7,X
4EB4 7A4EDD           (                      XPLODE.ASM):00080 00080   DEC     PNTCNT
4EB7 26AE             (                      XPLODE.ASM):00081 00081   BNE     CNTLOP
4EB9 B64EDE           (                      XPLODE.ASM):00082 00082   LDA     CNTPNT
4EBC 813C             (                      XPLODE.ASM):00083 00083   CMPA    #60
4EBE 269C             (                      XPLODE.ASM):00084 00084   BNE     CNTLP1
4EC0 6E9F5AA1         (                      XPLODE.ASM):00085 00085 LAST      JMP     [$5AA1]
4EC4 3416             (                      XPLODE.ASM):00086 00086 REVERS    PSHS    X,B,A
4EC6 BE5D8D           (                      XPLODE.ASM):00087 00087   LDX     $5D8D
4EC9 EC84             (                      XPLODE.ASM):00088 00088 RVRS1     LDD     ,X
4ECB 43               (                      XPLODE.ASM):00089 00089   COMA
4ECC 53               (                      XPLODE.ASM):00090 00090   COMB
4ECD ED81             (                      XPLODE.ASM):00091 00091   STD     ,X++
4ECF 8C1A00           (                      XPLODE.ASM):00092 00092   CMPX    #$1A00
4ED2 25F5             (                      XPLODE.ASM):00093 00093   BLO     RVRS1
4ED4 8E0500           (                      XPLODE.ASM):00094 00094   LDX     #$500
4ED7 301F             (                      XPLODE.ASM):00095 00095 LOPDEL    LEAX    -1,X
4ED9 26FC             (                      XPLODE.ASM):00096 00096   BNE     LOPDEL
4EDB 3596             (                      XPLODE.ASM):00097 00097   PULS    A,B,X,PC
4EDD 00               (                      XPLODE.ASM):00098 00098 PNTCNT    FCB     0
4EDE 00               (                      XPLODE.ASM):00099 00099 CNTPNT    FCB     0
     5AA5             (                      XPLODE.ASM):00100 00100 SHPPOS    EQU     $5AA5
4EDF AA               (                      XPLODE.ASM):00101 00101 COLTBL    FCB     $AA
4EE0 55               (                      XPLODE.ASM):00102 00102   FCB     $55
4EE1 AA               (                      XPLODE.ASM):00103 00103   FCB     $AA
4EE2 FF               (                      XPLODE.ASM):00104 00104   FCB     $FF
4EE3 A605             (                      XPLODE.ASM):00105 00105 ADDY      LDA     5,X
4EE5 8580             (                      XPLODE.ASM):00106 00106   BITA    #$80
4EE7 270E             (                      XPLODE.ASM):00107 00107   BEQ     ADYPOS
4EE9 840F             (                      XPLODE.ASM):00108 00108   ANDA    #15
4EEB A7E2             (                      XPLODE.ASM):00109 00109   STA     ,-S
4EED A603             (                      XPLODE.ASM):00110 00110   LDA     3,X
4EEF A0E0             (                      XPLODE.ASM):00111 00111   SUBA    ,S+
4EF1 8112             (                      XPLODE.ASM):00112 00112   CMPA    #18
4EF3 252B             (                      XPLODE.ASM):00113 00113   BCS     GONEY
4EF5 2008             (                      XPLODE.ASM):00114 00114   BRA     RNDMTY
4EF7 840F             (                      XPLODE.ASM):00115 00115 ADYPOS    ANDA    #15
4EF9 AB03             (                      XPLODE.ASM):00116 00116   ADDA    3,X
4EFB 81C0             (                      XPLODE.ASM):00117 00117   CMPA    #192
4EFD 2421             (                      XPLODE.ASM):00118 00118   BCC     GONEY
4EFF A703             (                      XPLODE.ASM):00119 00119 RNDMTY    STA     3,X
4F01 BD5D21           (                      XPLODE.ASM):00120 00120   JSR     $5D21
4F04 B65D3F           (                      XPLODE.ASM):00121 00121   LDA     $5D3F
4F07 8480             (                      XPLODE.ASM):00122 00122   ANDA    #$80
4F09 2701             (                      XPLODE.ASM):00123 00123   BEQ     NEXT
4F0B 39               (                      XPLODE.ASM):00124 00124   RTS
4F0C A605             (                      XPLODE.ASM):00125 00125 NEXT      LDA     5,X
4F0E 840F             (                      XPLODE.ASM):00126 00126   ANDA    #15
4F10 2602             (                      XPLODE.ASM):00127 00127   BNE     RDMTY1
4F12 A705             (                      XPLODE.ASM):00128 00128   STA     5,X
4F14 A605             (                      XPLODE.ASM):00129 00129 RDMTY1    LDA     5,X
4F16 8580             (                      XPLODE.ASM):00130 00130   BITA    #$80
4F18 2703             (                      XPLODE.ASM):00131 00131   BEQ     INCMTY
4F1A 6A05             (                      XPLODE.ASM):00132 00132   DEC     5,X
4F1C 39               (                      XPLODE.ASM):00133 00133   RTS
4F1D 6C05             (                      XPLODE.ASM):00134 00134 INCMTY    INC     5,X
4F1F 39               (                      XPLODE.ASM):00135 00135   RTS
4F20 6F84             (                      XPLODE.ASM):00136 00136 GONEY     CLR     ,X
4F22 39               (                      XPLODE.ASM):00137 00137   RTS
4F23 A604             (                      XPLODE.ASM):00138 00138 ADDX      LDA     4,X
4F25 8580             (                      XPLODE.ASM):00139 00139   BITA    #$80
4F27 270E             (                      XPLODE.ASM):00140 00140   BEQ     ADXPOS
4F29 8407             (                      XPLODE.ASM):00141 00141   ANDA    #7
4F2B 2715             (                      XPLODE.ASM):00142 00142   BEQ     GONEX
4F2D A7E2             (                      XPLODE.ASM):00143 00143   STA     ,-S
4F2F A602             (                      XPLODE.ASM):00144 00144   LDA     2,X
4F31 A0E0             (                      XPLODE.ASM):00145 00145   SUBA    ,S+
4F33 250D             (                      XPLODE.ASM):00146 00146   BCS     GONEX
4F35 2008             (                      XPLODE.ASM):00147 00147   BRA     DONEX
4F37 8407             (                      XPLODE.ASM):00148 00148 ADXPOS    ANDA    #7
4F39 2707             (                      XPLODE.ASM):00149 00149   BEQ     GONEX
4F3B AB02             (                      XPLODE.ASM):00150 00150   ADDA    2,X
4F3D 2503             (                      XPLODE.ASM):00151 00151   BCS     GONEX
4F3F A702             (                      XPLODE.ASM):00152 00152 DONEX     STA     2,X
4F41 39               (                      XPLODE.ASM):00153 00153   RTS
4F42 6F84             (                      XPLODE.ASM):00154 00154 GONEX     CLR     ,X
4F44 39               (                      XPLODE.ASM):00155 00155   RTS
4F45                  (                      XPLODE.ASM):00156 00156 PNTTBL    RMB     450
5107 2843292031393834 (                      XPLODE.ASM):00157 00157   FCC     /(C) 1984 BY DAVE SHADOFF/
     2042592044415645
     20534841444F4646
     511E             (                      XPLODE.ASM):00158 00158 LASTBT    EQU     .-1
                      (                      XPLODE.ASM):00159 00159   END     XPLODE

Symbol Table:
[ G] ADDX                             4F23
[ G] ADDY                             4EE3
[ G] ADXPOS                           4F37
[ G] ADYPOS                           4EF7
[ G] CNTLOP                           4E67
[ G] CNTLP1                           4E5C
[ G] CNTPNT                           4EDE
[ G] COLTBL                           4EDF
[ G] DELOOP                           4EAC
[ G] DONEX                            4F3F
[ G] GONEX                            4F42
[ G] GONEY                            4F20
[ G] INCMTY                           4F1D
[ G] LAST                             4EC0
[ G] LASTBT                           511E
[ G] LOPDEL                           4ED7
[ G] NEXT                             4F0C
[ G] NODEC                            4E73
[ G] NTHERE                           4EA4
[ G] PNTCNT                           4EDD
[ G] PNTTBL                           4F45
[ G] RDMTY1                           4F14
[ G] REVERS                           4EC4
[ G] RNDMTY                           4EFF
[ G] RVRS1                            4EC9
[ G] SHPPOS                           5AA5
[ G] STPNT                            4E1E
[ G] THERE                            4EB2
[ G] XPLODE                           4E00
[ G] YVECOK                           4E45
