                      (       DATA4C.ASM):00001                 ORG     $6381
6381 00               (       DATA4C.ASM):00002         D6381H  FCB     $00     ; Second half of graphic
6382 08               (       DATA4C.ASM):00003                 FCB     $08     ; data of spores and
6383 00               (       DATA4C.ASM):00004                 FCB     $00     ; player's ship
6384 00               (       DATA4C.ASM):00005                 FCB     $00
6385 AA               (       DATA4C.ASM):00006                 FCB     $AA
6386 80               (       DATA4C.ASM):00007                 FCB     $80
6387 02               (       DATA4C.ASM):00008                 FCB     $02
6388 AA               (       DATA4C.ASM):00009                 FCB     $AA
6389 A0               (       DATA4C.ASM):00010                 FCB     $A0
638A 00               (       DATA4C.ASM):00011                 FCB     $00
638B AA               (       DATA4C.ASM):00012                 FCB     $AA
638C 80               (       DATA4C.ASM):00013                 FCB     $80
638D 00               (       DATA4C.ASM):00014                 FCB     $00
638E 08               (       DATA4C.ASM):00015                 FCB     $08
638F 00               (       DATA4C.ASM):00016                 FCB     $00
6390 AA               (       DATA4C.ASM):00017         D6390H  FCB     $AA
6391 80               (       DATA4C.ASM):00018                 FCB     $80
6392 88               (       DATA4C.ASM):00019                 FCB     $88
6393 80               (       DATA4C.ASM):00020                 FCB     $80
6394 88               (       DATA4C.ASM):00021                 FCB     $88
6395 80               (       DATA4C.ASM):00022                 FCB     $80
6396 AA               (       DATA4C.ASM):00023                 FCB     $AA
6397 80               (       DATA4C.ASM):00024                 FCB     $80
6398 33               (       DATA4C.ASM):00025                 FCB     $33
6399 00               (       DATA4C.ASM):00026                 FCB     $00
639A 33               (       DATA4C.ASM):00027                 FCB     $33
639B C0               (       DATA4C.ASM):00028                 FCB     $C0
639C 30               (       DATA4C.ASM):00029                 FCB     $30
639D 00               (       DATA4C.ASM):00030                 FCB     $00
639E F0               (       DATA4C.ASM):00031                 FCB     $F0
639F 00               (       DATA4C.ASM):00032                 FCB     $00
63A0 2A               (       DATA4C.ASM):00033         D63A0H  FCB     $2A
63A1 A0               (       DATA4C.ASM):00034                 FCB     $A0
63A2 22               (       DATA4C.ASM):00035                 FCB     $22
63A3 20               (       DATA4C.ASM):00036                 FCB     $20
63A4 22               (       DATA4C.ASM):00037                 FCB     $22
63A5 20               (       DATA4C.ASM):00038                 FCB     $20
63A6 2A               (       DATA4C.ASM):00039                 FCB     $2A
63A7 A0               (       DATA4C.ASM):00040                 FCB     $A0
63A8 0C               (       DATA4C.ASM):00041                 FCB     $0C
63A9 C0               (       DATA4C.ASM):00042                 FCB     $C0
63AA 0C               (       DATA4C.ASM):00043                 FCB     $0C
63AB F0               (       DATA4C.ASM):00044                 FCB     $F0
63AC 0C               (       DATA4C.ASM):00045                 FCB     $0C
63AD 00               (       DATA4C.ASM):00046                 FCB     $00
63AE 3C               (       DATA4C.ASM):00047                 FCB     $3C
63AF 00               (       DATA4C.ASM):00048                 FCB     $00
63B0 0A               (       DATA4C.ASM):00049         D63B0H  FCB     $0A
63B1 A8               (       DATA4C.ASM):00050                 FCB     $A8
63B2 08               (       DATA4C.ASM):00051                 FCB     $08
63B3 88               (       DATA4C.ASM):00052                 FCB     $88
63B4 08               (       DATA4C.ASM):00053                 FCB     $08
63B5 88               (       DATA4C.ASM):00054                 FCB     $88
63B6 0A               (       DATA4C.ASM):00055                 FCB     $0A
63B7 A8               (       DATA4C.ASM):00056                 FCB     $A8
63B8 03               (       DATA4C.ASM):00057                 FCB     $03
63B9 30               (       DATA4C.ASM):00058                 FCB     $30
63BA 03               (       DATA4C.ASM):00059                 FCB     $03
63BB 3C               (       DATA4C.ASM):00060                 FCB     $3C
63BC 03               (       DATA4C.ASM):00061                 FCB     $03
63BD 00               (       DATA4C.ASM):00062                 FCB     $00
63BE 0F               (       DATA4C.ASM):00063                 FCB     $0F
63BF 00               (       DATA4C.ASM):00064                 FCB     $00
63C0 02               (       DATA4C.ASM):00065         D63C0H  FCB     $02
63C1 AA               (       DATA4C.ASM):00066                 FCB     $AA
63C2 02               (       DATA4C.ASM):00067                 FCB     $02
63C3 22               (       DATA4C.ASM):00068                 FCB     $22
63C4 02               (       DATA4C.ASM):00069                 FCB     $02
63C5 22               (       DATA4C.ASM):00070                 FCB     $22
63C6 02               (       DATA4C.ASM):00071                 FCB     $02
63C7 AA               (       DATA4C.ASM):00072                 FCB     $AA
63C8 00               (       DATA4C.ASM):00073                 FCB     $00
63C9 CC               (       DATA4C.ASM):00074                 FCB     $CC
63CA 00               (       DATA4C.ASM):00075                 FCB     $00
63CB CF               (       DATA4C.ASM):00076                 FCB     $CF
63CC 00               (       DATA4C.ASM):00077                 FCB     $00
63CD C0               (       DATA4C.ASM):00078                 FCB     $C0
63CE 03               (       DATA4C.ASM):00079                 FCB     $03
63CF C0               (       DATA4C.ASM):00080                 FCB     $C0
63D0 AA               (       DATA4C.ASM):00081         D63D0H  FCB     $AA
63D1 80               (       DATA4C.ASM):00082                 FCB     $80
63D2 88               (       DATA4C.ASM):00083                 FCB     $88
63D3 80               (       DATA4C.ASM):00084                 FCB     $80
63D4 88               (       DATA4C.ASM):00085                 FCB     $88
63D5 80               (       DATA4C.ASM):00086                 FCB     $80
63D6 AA               (       DATA4C.ASM):00087                 FCB     $AA
63D7 80               (       DATA4C.ASM):00088                 FCB     $80
63D8 33               (       DATA4C.ASM):00089                 FCB     $33
63D9 00               (       DATA4C.ASM):00090                 FCB     $00
63DA 33               (       DATA4C.ASM):00091                 FCB     $33
63DB 00               (       DATA4C.ASM):00092                 FCB     $00
63DC F3               (       DATA4C.ASM):00093                 FCB     $F3
63DD C0               (       DATA4C.ASM):00094                 FCB     $C0
63DE 00               (       DATA4C.ASM):00095                 FCB     $00
63DF 00               (       DATA4C.ASM):00096                 FCB     $00
63E0 2A               (       DATA4C.ASM):00097         D63E0H  FCB     $2A
63E1 A0               (       DATA4C.ASM):00098                 FCB     $A0
63E2 22               (       DATA4C.ASM):00099                 FCB     $22
63E3 20               (       DATA4C.ASM):00100                 FCB     $20
63E4 22               (       DATA4C.ASM):00101                 FCB     $22
63E5 20               (       DATA4C.ASM):00102                 FCB     $20
63E6 2A               (       DATA4C.ASM):00103                 FCB     $2A
63E7 A0               (       DATA4C.ASM):00104                 FCB     $A0
63E8 0C               (       DATA4C.ASM):00105                 FCB     $0C
63E9 C0               (       DATA4C.ASM):00106                 FCB     $C0
63EA 0C               (       DATA4C.ASM):00107                 FCB     $0C
63EB C0               (       DATA4C.ASM):00108                 FCB     $C0
63EC 3C               (       DATA4C.ASM):00109                 FCB     $3C
63ED F0               (       DATA4C.ASM):00110                 FCB     $F0
63EE 00               (       DATA4C.ASM):00111                 FCB     $00
63EF 00               (       DATA4C.ASM):00112                 FCB     $00
63F0 0A               (       DATA4C.ASM):00113         D63F0H  FCB     $0A
63F1 A8               (       DATA4C.ASM):00114                 FCB     $A8
63F2 08               (       DATA4C.ASM):00115                 FCB     $08
63F3 88               (       DATA4C.ASM):00116                 FCB     $88
63F4 08               (       DATA4C.ASM):00117                 FCB     $08
63F5 88               (       DATA4C.ASM):00118                 FCB     $88
63F6 0A               (       DATA4C.ASM):00119                 FCB     $0A
63F7 A8               (       DATA4C.ASM):00120                 FCB     $A8
63F8 03               (       DATA4C.ASM):00121                 FCB     $03
63F9 30               (       DATA4C.ASM):00122                 FCB     $30
63FA 03               (       DATA4C.ASM):00123                 FCB     $03
63FB 30               (       DATA4C.ASM):00124                 FCB     $30
63FC 0F               (       DATA4C.ASM):00125                 FCB     $0F
63FD 3C               (       DATA4C.ASM):00126                 FCB     $3C
63FE 00               (       DATA4C.ASM):00127                 FCB     $00
63FF 00               (       DATA4C.ASM):00128                 FCB     $00
6400 02               (       DATA4C.ASM):00129         D6400H  FCB     $02
6401 AA               (       DATA4C.ASM):00130                 FCB     $AA
6402 02               (       DATA4C.ASM):00131                 FCB     $02
6403 22               (       DATA4C.ASM):00132                 FCB     $22
6404 02               (       DATA4C.ASM):00133                 FCB     $02
6405 22               (       DATA4C.ASM):00134                 FCB     $22
6406 02               (       DATA4C.ASM):00135                 FCB     $02
6407 AA               (       DATA4C.ASM):00136                 FCB     $AA
6408 00               (       DATA4C.ASM):00137                 FCB     $00
6409 CC               (       DATA4C.ASM):00138                 FCB     $CC
640A 00               (       DATA4C.ASM):00139                 FCB     $00
640B CC               (       DATA4C.ASM):00140                 FCB     $CC
640C 03               (       DATA4C.ASM):00141                 FCB     $03
640D CF               (       DATA4C.ASM):00142                 FCB     $CF
640E 00               (       DATA4C.ASM):00143                 FCB     $00
640F 00               (       DATA4C.ASM):00144                 FCB     $00
6410 AA               (       DATA4C.ASM):00145         D6410H  FCB     $AA
6411 80               (       DATA4C.ASM):00146                 FCB     $80
6412 88               (       DATA4C.ASM):00147                 FCB     $88
6413 80               (       DATA4C.ASM):00148                 FCB     $80
6414 88               (       DATA4C.ASM):00149                 FCB     $88
6415 80               (       DATA4C.ASM):00150                 FCB     $80
6416 AA               (       DATA4C.ASM):00151                 FCB     $AA
6417 80               (       DATA4C.ASM):00152                 FCB     $80
6418 33               (       DATA4C.ASM):00153                 FCB     $33
6419 00               (       DATA4C.ASM):00154                 FCB     $00
641A F3               (       DATA4C.ASM):00155                 FCB     $F3
641B 00               (       DATA4C.ASM):00156                 FCB     $00
641C 03               (       DATA4C.ASM):00157                 FCB     $03
641D 00               (       DATA4C.ASM):00158                 FCB     $00
641E 03               (       DATA4C.ASM):00159                 FCB     $03
641F C0               (       DATA4C.ASM):00160                 FCB     $C0
6420 2A               (       DATA4C.ASM):00161         D6420H  FCB     $2A
6421 A0               (       DATA4C.ASM):00162                 FCB     $A0
6422 22               (       DATA4C.ASM):00163                 FCB     $22
6423 20               (       DATA4C.ASM):00164                 FCB     $20
6424 22               (       DATA4C.ASM):00165                 FCB     $22
6425 20               (       DATA4C.ASM):00166                 FCB     $20
6426 2A               (       DATA4C.ASM):00167                 FCB     $2A
6427 A0               (       DATA4C.ASM):00168                 FCB     $A0
6428 0C               (       DATA4C.ASM):00169                 FCB     $0C
6429 C0               (       DATA4C.ASM):00170                 FCB     $C0
642A 3C               (       DATA4C.ASM):00171                 FCB     $3C
642B C0               (       DATA4C.ASM):00172                 FCB     $C0
642C 00               (       DATA4C.ASM):00173                 FCB     $00
642D C0               (       DATA4C.ASM):00174                 FCB     $C0
642E 00               (       DATA4C.ASM):00175                 FCB     $00
642F F0               (       DATA4C.ASM):00176                 FCB     $F0
6430 0A               (       DATA4C.ASM):00177         D6430H  FCB     $0A
6431 A8               (       DATA4C.ASM):00178                 FCB     $A8
6432 08               (       DATA4C.ASM):00179                 FCB     $08
6433 88               (       DATA4C.ASM):00180                 FCB     $88
6434 08               (       DATA4C.ASM):00181                 FCB     $08
6435 88               (       DATA4C.ASM):00182                 FCB     $88
6436 0A               (       DATA4C.ASM):00183                 FCB     $0A
6437 A8               (       DATA4C.ASM):00184                 FCB     $A8
6438 03               (       DATA4C.ASM):00185                 FCB     $03
6439 30               (       DATA4C.ASM):00186                 FCB     $30
643A 0F               (       DATA4C.ASM):00187                 FCB     $0F
643B 30               (       DATA4C.ASM):00188                 FCB     $30
643C 00               (       DATA4C.ASM):00189                 FCB     $00
643D 30               (       DATA4C.ASM):00190                 FCB     $30
643E 00               (       DATA4C.ASM):00191                 FCB     $00
643F 3C               (       DATA4C.ASM):00192                 FCB     $3C
6440 02               (       DATA4C.ASM):00193         D6440H  FCB     $02
6441 AA               (       DATA4C.ASM):00194                 FCB     $AA
6442 02               (       DATA4C.ASM):00195                 FCB     $02
6443 22               (       DATA4C.ASM):00196                 FCB     $22
6444 02               (       DATA4C.ASM):00197                 FCB     $02
6445 22               (       DATA4C.ASM):00198                 FCB     $22
6446 02               (       DATA4C.ASM):00199                 FCB     $02
6447 AA               (       DATA4C.ASM):00200                 FCB     $AA
6448 00               (       DATA4C.ASM):00201                 FCB     $00
6449 CC               (       DATA4C.ASM):00202                 FCB     $CC
644A 03               (       DATA4C.ASM):00203                 FCB     $03
644B CC               (       DATA4C.ASM):00204                 FCB     $CC
644C 00               (       DATA4C.ASM):00205                 FCB     $00
644D 0C               (       DATA4C.ASM):00206                 FCB     $0C
644E 00               (       DATA4C.ASM):00207                 FCB     $00
644F 0F               (       DATA4C.ASM):00208                 FCB     $0F
6450 44               (       DATA4C.ASM):00209         D6450H  FCB     $44
6451 40               (       DATA4C.ASM):00210                 FCB     $40
6452 55               (       DATA4C.ASM):00211                 FCB     $55
6453 40               (       DATA4C.ASM):00212                 FCB     $40
6454 55               (       DATA4C.ASM):00213                 FCB     $55
6455 40               (       DATA4C.ASM):00214                 FCB     $40
6456 44               (       DATA4C.ASM):00215                 FCB     $44
6457 40               (       DATA4C.ASM):00216                 FCB     $40
6458 04               (       DATA4C.ASM):00217                 FCB     $04
6459 00               (       DATA4C.ASM):00218                 FCB     $00
645A 04               (       DATA4C.ASM):00219                 FCB     $04
645B 00               (       DATA4C.ASM):00220                 FCB     $00
645C 11               (       DATA4C.ASM):00221                 FCB     $11
645D 10               (       DATA4C.ASM):00222                 FCB     $10
645E 15               (       DATA4C.ASM):00223                 FCB     $15
645F 50               (       DATA4C.ASM):00224                 FCB     $50
6460 15               (       DATA4C.ASM):00225         D6460H  FCB     $15
6461 50               (       DATA4C.ASM):00226                 FCB     $50
6462 11               (       DATA4C.ASM):00227                 FCB     $11
6463 10               (       DATA4C.ASM):00228                 FCB     $10
6464 01               (       DATA4C.ASM):00229                 FCB     $01
6465 00               (       DATA4C.ASM):00230                 FCB     $00
6466 01               (       DATA4C.ASM):00231                 FCB     $01
6467 00               (       DATA4C.ASM):00232                 FCB     $00
6468 04               (       DATA4C.ASM):00233                 FCB     $04
6469 44               (       DATA4C.ASM):00234                 FCB     $44
646A 05               (       DATA4C.ASM):00235                 FCB     $05
646B 54               (       DATA4C.ASM):00236                 FCB     $54
646C 05               (       DATA4C.ASM):00237                 FCB     $05
646D 54               (       DATA4C.ASM):00238                 FCB     $54
646E 04               (       DATA4C.ASM):00239                 FCB     $04
646F 44               (       DATA4C.ASM):00240                 FCB     $44
6470 00               (       DATA4C.ASM):00241         D6470H  FCB     $00
6471 40               (       DATA4C.ASM):00242                 FCB     $40
6472 00               (       DATA4C.ASM):00243                 FCB     $00
6473 40               (       DATA4C.ASM):00244                 FCB     $40
6474 01               (       DATA4C.ASM):00245                 FCB     $01
6475 11               (       DATA4C.ASM):00246                 FCB     $11
6476 01               (       DATA4C.ASM):00247                 FCB     $01
6477 55               (       DATA4C.ASM):00248                 FCB     $55
6478 01               (       DATA4C.ASM):00249                 FCB     $01
6479 55               (       DATA4C.ASM):00250                 FCB     $55
647A 01               (       DATA4C.ASM):00251                 FCB     $01
647B 11               (       DATA4C.ASM):00252                 FCB     $11
647C 00               (       DATA4C.ASM):00253                 FCB     $00
647D 10               (       DATA4C.ASM):00254                 FCB     $10
647E 00               (       DATA4C.ASM):00255                 FCB     $00
647F 10               (       DATA4C.ASM):00256                 FCB     $10
6480 54               (       DATA4C.ASM):00257         D6480H  FCB     $54
6481 00               (       DATA4C.ASM):00258                 FCB     $00
6482 44               (       DATA4C.ASM):00259                 FCB     $44
6483 00               (       DATA4C.ASM):00260                 FCB     $00
6484 44               (       DATA4C.ASM):00261                 FCB     $44
6485 00               (       DATA4C.ASM):00262                 FCB     $00
6486 44               (       DATA4C.ASM):00263                 FCB     $44
6487 00               (       DATA4C.ASM):00264                 FCB     $00
6488 54               (       DATA4C.ASM):00265                 FCB     $54
6489 00               (       DATA4C.ASM):00266                 FCB     $00
648A 15               (       DATA4C.ASM):00267                 FCB     $15
648B 00               (       DATA4C.ASM):00268                 FCB     $00
648C 11               (       DATA4C.ASM):00269                 FCB     $11
648D 00               (       DATA4C.ASM):00270                 FCB     $00
648E 11               (       DATA4C.ASM):00271                 FCB     $11
648F 00               (       DATA4C.ASM):00272                 FCB     $00
6490 11               (       DATA4C.ASM):00273         D6490H  FCB     $11
6491 00               (       DATA4C.ASM):00274                 FCB     $00
6492 15               (       DATA4C.ASM):00275                 FCB     $15
6493 00               (       DATA4C.ASM):00276                 FCB     $00
6494 05               (       DATA4C.ASM):00277                 FCB     $05
6495 40               (       DATA4C.ASM):00278                 FCB     $40
6496 04               (       DATA4C.ASM):00279                 FCB     $04
6497 40               (       DATA4C.ASM):00280                 FCB     $40
6498 04               (       DATA4C.ASM):00281                 FCB     $04
6499 40               (       DATA4C.ASM):00282                 FCB     $40
649A 04               (       DATA4C.ASM):00283                 FCB     $04
649B 40               (       DATA4C.ASM):00284                 FCB     $40
649C 05               (       DATA4C.ASM):00285                 FCB     $05
649D 40               (       DATA4C.ASM):00286                 FCB     $40
649E 01               (       DATA4C.ASM):00287                 FCB     $01
649F 50               (       DATA4C.ASM):00288                 FCB     $50
64A0 01               (       DATA4C.ASM):00289         D64A0H  FCB     $01
64A1 10               (       DATA4C.ASM):00290                 FCB     $10
64A2 01               (       DATA4C.ASM):00291                 FCB     $01
64A3 10               (       DATA4C.ASM):00292                 FCB     $10
64A4 01               (       DATA4C.ASM):00293                 FCB     $01
64A5 10               (       DATA4C.ASM):00294                 FCB     $10
64A6 01               (       DATA4C.ASM):00295                 FCB     $01
64A7 50               (       DATA4C.ASM):00296                 FCB     $50
64A8 A8               (       DATA4C.ASM):00297                 FCB     $A8
64A9 00               (       DATA4C.ASM):00298                 FCB     $00
64AA 88               (       DATA4C.ASM):00299                 FCB     $88
64AB 00               (       DATA4C.ASM):00300                 FCB     $00
64AC 88               (       DATA4C.ASM):00301                 FCB     $88
64AD 00               (       DATA4C.ASM):00302                 FCB     $00
64AE 88               (       DATA4C.ASM):00303                 FCB     $88
64AF 00               (       DATA4C.ASM):00304                 FCB     $00
64B0 A8               (       DATA4C.ASM):00305         D64B0H  FCB     $A8
64B1 00               (       DATA4C.ASM):00306                 FCB     $00
64B2 2A               (       DATA4C.ASM):00307                 FCB     $2A
64B3 00               (       DATA4C.ASM):00308                 FCB     $00
64B4 22               (       DATA4C.ASM):00309                 FCB     $22
64B5 00               (       DATA4C.ASM):00310                 FCB     $00
64B6 22               (       DATA4C.ASM):00311                 FCB     $22
64B7 00               (       DATA4C.ASM):00312                 FCB     $00
64B8 22               (       DATA4C.ASM):00313                 FCB     $22
64B9 00               (       DATA4C.ASM):00314                 FCB     $00
64BA 2A               (       DATA4C.ASM):00315                 FCB     $2A
64BB 00               (       DATA4C.ASM):00316                 FCB     $00
64BC 0A               (       DATA4C.ASM):00317                 FCB     $0A
64BD 80               (       DATA4C.ASM):00318                 FCB     $80
64BE 08               (       DATA4C.ASM):00319                 FCB     $08
64BF 80               (       DATA4C.ASM):00320                 FCB     $80
64C0 08               (       DATA4C.ASM):00321         D64C0H  FCB     $08
64C1 80               (       DATA4C.ASM):00322                 FCB     $80
64C2 08               (       DATA4C.ASM):00323                 FCB     $08
64C3 80               (       DATA4C.ASM):00324                 FCB     $80
64C4 0A               (       DATA4C.ASM):00325                 FCB     $0A
64C5 80               (       DATA4C.ASM):00326                 FCB     $80
64C6 02               (       DATA4C.ASM):00327                 FCB     $02
64C7 A0               (       DATA4C.ASM):00328                 FCB     $A0
64C8 02               (       DATA4C.ASM):00329                 FCB     $02
64C9 20               (       DATA4C.ASM):00330                 FCB     $20
64CA 02               (       DATA4C.ASM):00331                 FCB     $02
64CB 20               (       DATA4C.ASM):00332                 FCB     $20
64CC 02               (       DATA4C.ASM):00333                 FCB     $02
64CD 20               (       DATA4C.ASM):00334                 FCB     $20
64CE 02               (       DATA4C.ASM):00335                 FCB     $02
64CF A0               (       DATA4C.ASM):00336                 FCB     $A0
64D0 FC               (       DATA4C.ASM):00337         D64D0H  FCB     $FC
64D1 00               (       DATA4C.ASM):00338                 FCB     $00
64D2 CC               (       DATA4C.ASM):00339                 FCB     $CC
64D3 00               (       DATA4C.ASM):00340                 FCB     $00
64D4 CC               (       DATA4C.ASM):00341                 FCB     $CC
64D5 00               (       DATA4C.ASM):00342                 FCB     $00
64D6 CC               (       DATA4C.ASM):00343                 FCB     $CC
64D7 00               (       DATA4C.ASM):00344                 FCB     $00
64D8 FC               (       DATA4C.ASM):00345                 FCB     $FC
64D9 00               (       DATA4C.ASM):00346                 FCB     $00
64DA 3F               (       DATA4C.ASM):00347                 FCB     $3F
64DB 00               (       DATA4C.ASM):00348                 FCB     $00
64DC 33               (       DATA4C.ASM):00349                 FCB     $33
64DD 00               (       DATA4C.ASM):00350                 FCB     $00
64DE 33               (       DATA4C.ASM):00351                 FCB     $33
64DF 00               (       DATA4C.ASM):00352                 FCB     $00
64E0 33               (       DATA4C.ASM):00353         D64E0H  FCB     $33
64E1 00               (       DATA4C.ASM):00354                 FCB     $00
64E2 3F               (       DATA4C.ASM):00355                 FCB     $3F
64E3 00               (       DATA4C.ASM):00356                 FCB     $00
64E4 0F               (       DATA4C.ASM):00357                 FCB     $0F
64E5 C0               (       DATA4C.ASM):00358                 FCB     $C0
64E6 0C               (       DATA4C.ASM):00359                 FCB     $0C
64E7 C0               (       DATA4C.ASM):00360                 FCB     $C0
64E8 0C               (       DATA4C.ASM):00361                 FCB     $0C
64E9 C0               (       DATA4C.ASM):00362                 FCB     $C0
64EA 0C               (       DATA4C.ASM):00363                 FCB     $0C
64EB C0               (       DATA4C.ASM):00364                 FCB     $C0
64EC 0F               (       DATA4C.ASM):00365                 FCB     $0F
64ED C0               (       DATA4C.ASM):00366                 FCB     $C0
64EE 03               (       DATA4C.ASM):00367                 FCB     $03
64EF F0               (       DATA4C.ASM):00368                 FCB     $F0
64F0 03               (       DATA4C.ASM):00369         D64F0H  FCB     $03
64F1 30               (       DATA4C.ASM):00370                 FCB     $30
64F2 03               (       DATA4C.ASM):00371                 FCB     $03
64F3 30               (       DATA4C.ASM):00372                 FCB     $30
64F4 03               (       DATA4C.ASM):00373                 FCB     $03
64F5 30               (       DATA4C.ASM):00374                 FCB     $30
64F6 03               (       DATA4C.ASM):00375                 FCB     $03
64F7 F0               (       DATA4C.ASM):00376                 FCB     $F0
64F8 A0               (       DATA4C.ASM):00377                 FCB     $A0
64F9 28               (       DATA4C.ASM):00378                 FCB     $28
64FA 00               (       DATA4C.ASM):00379                 FCB     $00
64FB 08               (       DATA4C.ASM):00380                 FCB     $08
64FC 80               (       DATA4C.ASM):00381                 FCB     $80
64FD 00               (       DATA4C.ASM):00382                 FCB     $00
64FE 07               (       DATA4C.ASM):00383                 FCB     $07
64FF 00               (       DATA4C.ASM):00384                 FCB     $00
6500 00               (       DATA4C.ASM):00385         D6500H  FCB     $00
6501 00               (       DATA4C.ASM):00386                 FCB     $00
6502 00               (       DATA4C.ASM):00387                 FCB     $00
6503 00               (       DATA4C.ASM):00388                 FCB     $00
6504 28               (       DATA4C.ASM):00389                 FCB     $28
6505 0A               (       DATA4C.ASM):00390                 FCB     $0A
6506 00               (       DATA4C.ASM):00391                 FCB     $00
6507 02               (       DATA4C.ASM):00392                 FCB     $02
6508 20               (       DATA4C.ASM):00393                 FCB     $20
6509 00               (       DATA4C.ASM):00394                 FCB     $00
650A 01               (       DATA4C.ASM):00395                 FCB     $01
650B C0               (       DATA4C.ASM):00396                 FCB     $C0
650C 00               (       DATA4C.ASM):00397                 FCB     $00
650D 00               (       DATA4C.ASM):00398                 FCB     $00
650E 00               (       DATA4C.ASM):00399                 FCB     $00
650F 00               (       DATA4C.ASM):00400                 FCB     $00
6510 0A               (       DATA4C.ASM):00401         D6510H  FCB     $0A
6511 02               (       DATA4C.ASM):00402                 FCB     $02
6512 80               (       DATA4C.ASM):00403                 FCB     $80
6513 00               (       DATA4C.ASM):00404                 FCB     $00
6514 88               (       DATA4C.ASM):00405                 FCB     $88
6515 00               (       DATA4C.ASM):00406                 FCB     $00
6516 00               (       DATA4C.ASM):00407                 FCB     $00
6517 70               (       DATA4C.ASM):00408                 FCB     $70
6518 00               (       DATA4C.ASM):00409                 FCB     $00
6519 00               (       DATA4C.ASM):00410                 FCB     $00
651A 00               (       DATA4C.ASM):00411                 FCB     $00
651B 00               (       DATA4C.ASM):00412                 FCB     $00
651C 02               (       DATA4C.ASM):00413                 FCB     $02
651D 80               (       DATA4C.ASM):00414                 FCB     $80
651E A0               (       DATA4C.ASM):00415                 FCB     $A0
651F 00               (       DATA4C.ASM):00416                 FCB     $00
6520 22               (       DATA4C.ASM):00417         D6520H  FCB     $22
6521 00               (       DATA4C.ASM):00418                 FCB     $00
6522 00               (       DATA4C.ASM):00419                 FCB     $00
6523 1C               (       DATA4C.ASM):00420                 FCB     $1C
6524 00               (       DATA4C.ASM):00421                 FCB     $00
6525 00               (       DATA4C.ASM):00422                 FCB     $00
6526 00               (       DATA4C.ASM):00423                 FCB     $00
6527 00               (       DATA4C.ASM):00424                 FCB     $00
6528 00               (       DATA4C.ASM):00425                 FCB     $00
6529 00               (       DATA4C.ASM):00426                 FCB     $00
652A 00               (       DATA4C.ASM):00427                 FCB     $00
652B A8               (       DATA4C.ASM):00428                 FCB     $A8
652C A8               (       DATA4C.ASM):00429                 FCB     $A8
652D 00               (       DATA4C.ASM):00430                 FCB     $00
652E 07               (       DATA4C.ASM):00431                 FCB     $07
652F 00               (       DATA4C.ASM):00432                 FCB     $00
6530 00               (       DATA4C.ASM):00433         D6530H  FCB     $00
6531 00               (       DATA4C.ASM):00434                 FCB     $00
6532 00               (       DATA4C.ASM):00435                 FCB     $00
6533 00               (       DATA4C.ASM):00436                 FCB     $00
6534 00               (       DATA4C.ASM):00437                 FCB     $00
6535 00               (       DATA4C.ASM):00438                 FCB     $00
6536 00               (       DATA4C.ASM):00439                 FCB     $00
6537 2A               (       DATA4C.ASM):00440                 FCB     $2A
6538 2A               (       DATA4C.ASM):00441                 FCB     $2A
6539 00               (       DATA4C.ASM):00442                 FCB     $00
653A 01               (       DATA4C.ASM):00443                 FCB     $01
653B C0               (       DATA4C.ASM):00444                 FCB     $C0
653C 00               (       DATA4C.ASM):00445                 FCB     $00
653D 00               (       DATA4C.ASM):00446                 FCB     $00
653E 00               (       DATA4C.ASM):00447                 FCB     $00
653F 00               (       DATA4C.ASM):00448                 FCB     $00
6540 00               (       DATA4C.ASM):00449         D6540H  FCB     $00
6541 00               (       DATA4C.ASM):00450                 FCB     $00
6542 00               (       DATA4C.ASM):00451                 FCB     $00
6543 0A               (       DATA4C.ASM):00452                 FCB     $0A
6544 8A               (       DATA4C.ASM):00453                 FCB     $8A
6545 80               (       DATA4C.ASM):00454                 FCB     $80
6546 00               (       DATA4C.ASM):00455                 FCB     $00
6547 70               (       DATA4C.ASM):00456                 FCB     $70
6548 00               (       DATA4C.ASM):00457                 FCB     $00
6549 00               (       DATA4C.ASM):00458                 FCB     $00
654A 00               (       DATA4C.ASM):00459                 FCB     $00
654B 00               (       DATA4C.ASM):00460                 FCB     $00
654C 00               (       DATA4C.ASM):00461                 FCB     $00
654D 00               (       DATA4C.ASM):00462                 FCB     $00
654E 00               (       DATA4C.ASM):00463                 FCB     $00
654F 02               (       DATA4C.ASM):00464                 FCB     $02
6550 A2               (       DATA4C.ASM):00465         D6550H  FCB     $A2
6551 A0               (       DATA4C.ASM):00466                 FCB     $A0
6552 00               (       DATA4C.ASM):00467                 FCB     $00
6553 1C               (       DATA4C.ASM):00468                 FCB     $1C
6554 00               (       DATA4C.ASM):00469                 FCB     $00
6555 00               (       DATA4C.ASM):00470                 FCB     $00
6556 00               (       DATA4C.ASM):00471                 FCB     $00
6557 00               (       DATA4C.ASM):00472                 FCB     $00
6558 00               (       DATA4C.ASM):00473                 FCB     $00
6559 00               (       DATA4C.ASM):00474                 FCB     $00
655A 00               (       DATA4C.ASM):00475                 FCB     $00
655B 28               (       DATA4C.ASM):00476                 FCB     $28
655C A0               (       DATA4C.ASM):00477                 FCB     $A0
655D 00               (       DATA4C.ASM):00478                 FCB     $00
655E 87               (       DATA4C.ASM):00479                 FCB     $87
655F 08               (       DATA4C.ASM):00480                 FCB     $08
6560 00               (       DATA4C.ASM):00481         D6560H  FCB     $00
6561 00               (       DATA4C.ASM):00482                 FCB     $00
6562 00               (       DATA4C.ASM):00483                 FCB     $00
6563 00               (       DATA4C.ASM):00484                 FCB     $00
6564 00               (       DATA4C.ASM):00485                 FCB     $00
6565 00               (       DATA4C.ASM):00486                 FCB     $00
6566 00               (       DATA4C.ASM):00487                 FCB     $00
6567 0A               (       DATA4C.ASM):00488                 FCB     $0A
6568 28               (       DATA4C.ASM):00489                 FCB     $28
6569 00               (       DATA4C.ASM):00490                 FCB     $00
656A 21               (       DATA4C.ASM):00491                 FCB     $21
656B C2               (       DATA4C.ASM):00492                 FCB     $C2
656C 00               (       DATA4C.ASM):00493                 FCB     $00
656D 00               (       DATA4C.ASM):00494                 FCB     $00
656E 00               (       DATA4C.ASM):00495                 FCB     $00
656F 00               (       DATA4C.ASM):00496                 FCB     $00
6570 00               (       DATA4C.ASM):00497         D6570H  FCB     $00
6571 00               (       DATA4C.ASM):00498                 FCB     $00
6572 00               (       DATA4C.ASM):00499                 FCB     $00
6573 02               (       DATA4C.ASM):00500                 FCB     $02
6574 8A               (       DATA4C.ASM):00501                 FCB     $8A
6575 00               (       DATA4C.ASM):00502                 FCB     $00
6576 08               (       DATA4C.ASM):00503                 FCB     $08
6577 70               (       DATA4C.ASM):00504                 FCB     $70
6578 80               (       DATA4C.ASM):00505                 FCB     $80
6579 00               (       DATA4C.ASM):00506                 FCB     $00
657A 00               (       DATA4C.ASM):00507                 FCB     $00
657B 00               (       DATA4C.ASM):00508                 FCB     $00
657C 00               (       DATA4C.ASM):00509                 FCB     $00
657D 00               (       DATA4C.ASM):00510                 FCB     $00
657E 00               (       DATA4C.ASM):00511                 FCB     $00
657F 00               (       DATA4C.ASM):00512                 FCB     $00
6580 A2               (       DATA4C.ASM):00513         D6580H  FCB     $A2
6581 80               (       DATA4C.ASM):00514                 FCB     $80
6582 02               (       DATA4C.ASM):00515                 FCB     $02
6583 1C               (       DATA4C.ASM):00516                 FCB     $1C
6584 20               (       DATA4C.ASM):00517                 FCB     $20
6585 00               (       DATA4C.ASM):00518                 FCB     $00
6586 00               (       DATA4C.ASM):00519                 FCB     $00
6587 00               (       DATA4C.ASM):00520                 FCB     $00
6588 00               (       DATA4C.ASM):00521                 FCB     $00
6589 00               (       DATA4C.ASM):00522                 FCB     $00
658A 00               (       DATA4C.ASM):00523                 FCB     $00
658B 08               (       DATA4C.ASM):00524                 FCB     $08
658C 80               (       DATA4C.ASM):00525                 FCB     $80
658D 00               (       DATA4C.ASM):00526                 FCB     $00
658E 27               (       DATA4C.ASM):00527                 FCB     $27
658F 20               (       DATA4C.ASM):00528                 FCB     $20
6590 00               (       DATA4C.ASM):00529         D6590H  FCB     $00
6591 80               (       DATA4C.ASM):00530                 FCB     $80
6592 08               (       DATA4C.ASM):00531                 FCB     $08
6593 00               (       DATA4C.ASM):00532                 FCB     $00
6594 00               (       DATA4C.ASM):00533                 FCB     $00
6595 00               (       DATA4C.ASM):00534                 FCB     $00
6596 00               (       DATA4C.ASM):00535                 FCB     $00
6597 02               (       DATA4C.ASM):00536                 FCB     $02
6598 20               (       DATA4C.ASM):00537                 FCB     $20
6599 00               (       DATA4C.ASM):00538                 FCB     $00
659A 09               (       DATA4C.ASM):00539                 FCB     $09
659B C8               (       DATA4C.ASM):00540                 FCB     $C8
659C 00               (       DATA4C.ASM):00541                 FCB     $00
659D 20               (       DATA4C.ASM):00542                 FCB     $20
659E 02               (       DATA4C.ASM):00543                 FCB     $02
659F 00               (       DATA4C.ASM):00544                 FCB     $00
65A0 00               (       DATA4C.ASM):00545         D65A0H  FCB     $00
65A1 00               (       DATA4C.ASM):00546                 FCB     $00
65A2 00               (       DATA4C.ASM):00547                 FCB     $00
65A3 00               (       DATA4C.ASM):00548                 FCB     $00
65A4 88               (       DATA4C.ASM):00549                 FCB     $88
65A5 00               (       DATA4C.ASM):00550                 FCB     $00
65A6 02               (       DATA4C.ASM):00551                 FCB     $02
65A7 72               (       DATA4C.ASM):00552                 FCB     $72
65A8 00               (       DATA4C.ASM):00553                 FCB     $00
65A9 08               (       DATA4C.ASM):00554                 FCB     $08
65AA 00               (       DATA4C.ASM):00555                 FCB     $00
65AB 80               (       DATA4C.ASM):00556                 FCB     $80
65AC 00               (       DATA4C.ASM):00557                 FCB     $00
65AD 00               (       DATA4C.ASM):00558                 FCB     $00
65AE 00               (       DATA4C.ASM):00559                 FCB     $00
65AF 00               (       DATA4C.ASM):00560                 FCB     $00
65B0 22               (       DATA4C.ASM):00561         D65B0H  FCB     $22
65B1 00               (       DATA4C.ASM):00562                 FCB     $00
65B2 00               (       DATA4C.ASM):00563                 FCB     $00
65B3 9C               (       DATA4C.ASM):00564                 FCB     $9C
65B4 80               (       DATA4C.ASM):00565                 FCB     $80
65B5 02               (       DATA4C.ASM):00566                 FCB     $02
65B6 00               (       DATA4C.ASM):00567                 FCB     $00
65B7 20               (       DATA4C.ASM):00568                 FCB     $20
65B8 CC               (       DATA4C.ASM):00569                 FCB     $CC
65B9 CC               (       DATA4C.ASM):00570                 FCB     $CC
65BA 00               (       DATA4C.ASM):00571                 FCB     $00
65BB CC               (       DATA4C.ASM):00572                 FCB     $CC
65BC CC               (       DATA4C.ASM):00573                 FCB     $CC
65BD 00               (       DATA4C.ASM):00574                 FCB     $00
65BE 33               (       DATA4C.ASM):00575                 FCB     $33
65BF 30               (       DATA4C.ASM):00576                 FCB     $30
65C0 00               (       DATA4C.ASM):00577         D65C0H  FCB     $00
65C1 33               (       DATA4C.ASM):00578                 FCB     $33
65C2 30               (       DATA4C.ASM):00579                 FCB     $30
65C3 00               (       DATA4C.ASM):00580                 FCB     $00
65C4 CC               (       DATA4C.ASM):00581                 FCB     $CC
65C5 CC               (       DATA4C.ASM):00582                 FCB     $CC
65C6 00               (       DATA4C.ASM):00583                 FCB     $00
65C7 CC               (       DATA4C.ASM):00584                 FCB     $CC
65C8 CC               (       DATA4C.ASM):00585                 FCB     $CC
65C9 00               (       DATA4C.ASM):00586                 FCB     $00
65CA 33               (       DATA4C.ASM):00587                 FCB     $33
65CB 33               (       DATA4C.ASM):00588                 FCB     $33
65CC 00               (       DATA4C.ASM):00589                 FCB     $00
65CD 33               (       DATA4C.ASM):00590                 FCB     $33
65CE 33               (       DATA4C.ASM):00591                 FCB     $33
65CF 00               (       DATA4C.ASM):00592                 FCB     $00
65D0 0C               (       DATA4C.ASM):00593         D65D0H  FCB     $0C
65D1 CC               (       DATA4C.ASM):00594                 FCB     $CC
65D2 00               (       DATA4C.ASM):00595                 FCB     $00
65D3 0C               (       DATA4C.ASM):00596                 FCB     $0C
65D4 CC               (       DATA4C.ASM):00597                 FCB     $CC
65D5 00               (       DATA4C.ASM):00598                 FCB     $00
65D6 33               (       DATA4C.ASM):00599                 FCB     $33
65D7 33               (       DATA4C.ASM):00600                 FCB     $33
65D8 00               (       DATA4C.ASM):00601                 FCB     $00
65D9 33               (       DATA4C.ASM):00602                 FCB     $33
65DA 33               (       DATA4C.ASM):00603                 FCB     $33
65DB 00               (       DATA4C.ASM):00604                 FCB     $00
65DC 0C               (       DATA4C.ASM):00605                 FCB     $0C
65DD CC               (       DATA4C.ASM):00606                 FCB     $CC
65DE C0               (       DATA4C.ASM):00607                 FCB     $C0
65DF 0C               (       DATA4C.ASM):00608                 FCB     $0C
65E0 CC               (       DATA4C.ASM):00609         D65E0H  FCB     $CC
65E1 C0               (       DATA4C.ASM):00610                 FCB     $C0
65E2 03               (       DATA4C.ASM):00611                 FCB     $03
65E3 33               (       DATA4C.ASM):00612                 FCB     $33
65E4 00               (       DATA4C.ASM):00613                 FCB     $00
65E5 03               (       DATA4C.ASM):00614                 FCB     $03
65E6 33               (       DATA4C.ASM):00615                 FCB     $33
65E7 00               (       DATA4C.ASM):00616                 FCB     $00
65E8 0C               (       DATA4C.ASM):00617                 FCB     $0C
65E9 CC               (       DATA4C.ASM):00618                 FCB     $CC
65EA C0               (       DATA4C.ASM):00619                 FCB     $C0
65EB 0C               (       DATA4C.ASM):00620                 FCB     $0C
65EC CC               (       DATA4C.ASM):00621                 FCB     $CC
65ED C0               (       DATA4C.ASM):00622                 FCB     $C0
65EE 03               (       DATA4C.ASM):00623                 FCB     $03
65EF 33               (       DATA4C.ASM):00624                 FCB     $33
65F0 30               (       DATA4C.ASM):00625         D65F0H  FCB     $30
65F1 03               (       DATA4C.ASM):00626                 FCB     $03
65F2 33               (       DATA4C.ASM):00627                 FCB     $33
65F3 30               (       DATA4C.ASM):00628                 FCB     $30
65F4 00               (       DATA4C.ASM):00629                 FCB     $00
65F5 CC               (       DATA4C.ASM):00630                 FCB     $CC
65F6 C0               (       DATA4C.ASM):00631                 FCB     $C0
65F7 00               (       DATA4C.ASM):00632                 FCB     $00
65F8 CC               (       DATA4C.ASM):00633                 FCB     $CC
65F9 C0               (       DATA4C.ASM):00634                 FCB     $C0
65FA 03               (       DATA4C.ASM):00635                 FCB     $03
65FB 33               (       DATA4C.ASM):00636                 FCB     $33
65FC 30               (       DATA4C.ASM):00637                 FCB     $30
65FD 03               (       DATA4C.ASM):00638                 FCB     $03
65FE 33               (       DATA4C.ASM):00639                 FCB     $33
65FF 30               (       DATA4C.ASM):00640                 FCB     $30
6600 C3               (       DATA4C.ASM):00641         D6600H  FCB     $C3
6601 00               (       DATA4C.ASM):00642                 FCB     $00
6602 00               (       DATA4C.ASM):00643                 FCB     $00
6603 C3               (       DATA4C.ASM):00644                 FCB     $C3
6604 00               (       DATA4C.ASM):00645                 FCB     $00
6605 00               (       DATA4C.ASM):00646                 FCB     $00
6606 0C               (       DATA4C.ASM):00647                 FCB     $0C
6607 0C               (       DATA4C.ASM):00648                 FCB     $0C
6608 00               (       DATA4C.ASM):00649                 FCB     $00
6609 0C               (       DATA4C.ASM):00650                 FCB     $0C
660A 0C               (       DATA4C.ASM):00651                 FCB     $0C
660B 00               (       DATA4C.ASM):00652                 FCB     $00
660C C0               (       DATA4C.ASM):00653                 FCB     $C0
660D C0               (       DATA4C.ASM):00654                 FCB     $C0
660E 00               (       DATA4C.ASM):00655                 FCB     $00
660F C0               (       DATA4C.ASM):00656                 FCB     $C0
6610 C0               (       DATA4C.ASM):00657         D6610H  FCB     $C0
6611 00               (       DATA4C.ASM):00658                 FCB     $00
6612 30               (       DATA4C.ASM):00659                 FCB     $30
6613 C0               (       DATA4C.ASM):00660                 FCB     $C0
6614 00               (       DATA4C.ASM):00661                 FCB     $00
6615 30               (       DATA4C.ASM):00662                 FCB     $30
6616 C0               (       DATA4C.ASM):00663                 FCB     $C0
6617 00               (       DATA4C.ASM):00664                 FCB     $00
6618 03               (       DATA4C.ASM):00665                 FCB     $03
6619 03               (       DATA4C.ASM):00666                 FCB     $03
661A 00               (       DATA4C.ASM):00667                 FCB     $00
661B 03               (       DATA4C.ASM):00668                 FCB     $03
661C 03               (       DATA4C.ASM):00669                 FCB     $03
661D 00               (       DATA4C.ASM):00670                 FCB     $00
661E 30               (       DATA4C.ASM):00671                 FCB     $30
661F 30               (       DATA4C.ASM):00672                 FCB     $30
6620 00               (       DATA4C.ASM):00673         D6620H  FCB     $00
6621 30               (       DATA4C.ASM):00674                 FCB     $30
6622 30               (       DATA4C.ASM):00675                 FCB     $30
6623 00               (       DATA4C.ASM):00676                 FCB     $00
6624 0C               (       DATA4C.ASM):00677                 FCB     $0C
6625 30               (       DATA4C.ASM):00678                 FCB     $30
6626 00               (       DATA4C.ASM):00679                 FCB     $00
6627 0C               (       DATA4C.ASM):00680                 FCB     $0C
6628 30               (       DATA4C.ASM):00681                 FCB     $30
6629 00               (       DATA4C.ASM):00682                 FCB     $00
662A 00               (       DATA4C.ASM):00683                 FCB     $00
662B C0               (       DATA4C.ASM):00684                 FCB     $C0
662C C0               (       DATA4C.ASM):00685                 FCB     $C0
662D 00               (       DATA4C.ASM):00686                 FCB     $00
662E C0               (       DATA4C.ASM):00687                 FCB     $C0
662F C0               (       DATA4C.ASM):00688                 FCB     $C0
6630 0C               (       DATA4C.ASM):00689         D6630H  FCB     $0C
6631 0C               (       DATA4C.ASM):00690                 FCB     $0C
6632 00               (       DATA4C.ASM):00691                 FCB     $00
6633 0C               (       DATA4C.ASM):00692                 FCB     $0C
6634 0C               (       DATA4C.ASM):00693                 FCB     $0C
6635 00               (       DATA4C.ASM):00694                 FCB     $00
6636 03               (       DATA4C.ASM):00695                 FCB     $03
6637 0C               (       DATA4C.ASM):00696                 FCB     $0C
6638 00               (       DATA4C.ASM):00697                 FCB     $00
6639 03               (       DATA4C.ASM):00698                 FCB     $03
663A 0C               (       DATA4C.ASM):00699                 FCB     $0C
663B 00               (       DATA4C.ASM):00700                 FCB     $00
663C 00               (       DATA4C.ASM):00701                 FCB     $00
663D 30               (       DATA4C.ASM):00702                 FCB     $30
663E 30               (       DATA4C.ASM):00703                 FCB     $30
663F 00               (       DATA4C.ASM):00704                 FCB     $00
6640 30               (       DATA4C.ASM):00705         D6640H  FCB     $30
6641 30               (       DATA4C.ASM):00706                 FCB     $30
6642 03               (       DATA4C.ASM):00707                 FCB     $03
6643 03               (       DATA4C.ASM):00708                 FCB     $03
6644 00               (       DATA4C.ASM):00709                 FCB     $00
6645 03               (       DATA4C.ASM):00710                 FCB     $03
6646 03               (       DATA4C.ASM):00711                 FCB     $03
6647 00               (       DATA4C.ASM):00712                 FCB     $00
6648 0C               (       DATA4C.ASM):00713                 FCB     $0C
6649 00               (       DATA4C.ASM):00714                 FCB     $00
664A 00               (       DATA4C.ASM):00715                 FCB     $00
664B 0C               (       DATA4C.ASM):00716                 FCB     $0C
664C 00               (       DATA4C.ASM):00717                 FCB     $00
664D 00               (       DATA4C.ASM):00718                 FCB     $00
664E 00               (       DATA4C.ASM):00719                 FCB     $00
664F 30               (       DATA4C.ASM):00720                 FCB     $30
6650 00               (       DATA4C.ASM):00721         D6650H  FCB     $00
6651 00               (       DATA4C.ASM):00722                 FCB     $00
6652 30               (       DATA4C.ASM):00723                 FCB     $30
6653 00               (       DATA4C.ASM):00724                 FCB     $00
6654 30               (       DATA4C.ASM):00725                 FCB     $30
6655 00               (       DATA4C.ASM):00726                 FCB     $00
6656 00               (       DATA4C.ASM):00727                 FCB     $00
6657 30               (       DATA4C.ASM):00728                 FCB     $30
6658 00               (       DATA4C.ASM):00729                 FCB     $00
6659 00               (       DATA4C.ASM):00730                 FCB     $00
665A 03               (       DATA4C.ASM):00731                 FCB     $03
665B 00               (       DATA4C.ASM):00732                 FCB     $00
665C 00               (       DATA4C.ASM):00733                 FCB     $00
665D 03               (       DATA4C.ASM):00734                 FCB     $03
665E 00               (       DATA4C.ASM):00735                 FCB     $00
665F 00               (       DATA4C.ASM):00736                 FCB     $00
6660 00               (       DATA4C.ASM):00737         D6660H  FCB     $00
6661 0C               (       DATA4C.ASM):00738                 FCB     $0C
6662 00               (       DATA4C.ASM):00739                 FCB     $00
6663 00               (       DATA4C.ASM):00740                 FCB     $00
6664 0C               (       DATA4C.ASM):00741                 FCB     $0C
6665 00               (       DATA4C.ASM):00742                 FCB     $00
6666 0C               (       DATA4C.ASM):00743                 FCB     $0C
6667 00               (       DATA4C.ASM):00744                 FCB     $00
6668 00               (       DATA4C.ASM):00745                 FCB     $00
6669 0C               (       DATA4C.ASM):00746                 FCB     $0C
666A 00               (       DATA4C.ASM):00747                 FCB     $00
666B 00               (       DATA4C.ASM):00748                 FCB     $00
666C 00               (       DATA4C.ASM):00749                 FCB     $00
666D C0               (       DATA4C.ASM):00750                 FCB     $C0
666E 00               (       DATA4C.ASM):00751                 FCB     $00
666F 00               (       DATA4C.ASM):00752                 FCB     $00
6670 C0               (       DATA4C.ASM):00753         D6670H  FCB     $C0
6671 00               (       DATA4C.ASM):00754                 FCB     $00
6672 00               (       DATA4C.ASM):00755                 FCB     $00
6673 03               (       DATA4C.ASM):00756                 FCB     $03
6674 00               (       DATA4C.ASM):00757                 FCB     $00
6675 00               (       DATA4C.ASM):00758                 FCB     $00
6676 03               (       DATA4C.ASM):00759                 FCB     $03
6677 00               (       DATA4C.ASM):00760                 FCB     $00
6678 03               (       DATA4C.ASM):00761                 FCB     $03
6679 00               (       DATA4C.ASM):00762                 FCB     $00
667A 00               (       DATA4C.ASM):00763                 FCB     $00
667B 03               (       DATA4C.ASM):00764                 FCB     $03
667C 00               (       DATA4C.ASM):00765                 FCB     $00
667D 00               (       DATA4C.ASM):00766                 FCB     $00
667E 00               (       DATA4C.ASM):00767                 FCB     $00
667F 30               (       DATA4C.ASM):00768                 FCB     $30
6680 00               (       DATA4C.ASM):00769         D6680H  FCB     $00
6681 00               (       DATA4C.ASM):00770                 FCB     $00
6682 30               (       DATA4C.ASM):00771                 FCB     $30
6683 00               (       DATA4C.ASM):00772                 FCB     $00
6684 00               (       DATA4C.ASM):00773                 FCB     $00
6685 00               (       DATA4C.ASM):00774                 FCB     $00
6686 C0               (       DATA4C.ASM):00775                 FCB     $C0
6687 00               (       DATA4C.ASM):00776                 FCB     $00
6688 00               (       DATA4C.ASM):00777                 FCB     $00
6689 C0               (       DATA4C.ASM):00778                 FCB     $C0
668A 00               (       DATA4C.ASM):00779                 FCB     $00
668B C0               (       DATA4C.ASM):00780                 FCB     $C0
668C 00               (       DATA4C.ASM):00781                 FCB     $00
668D 00               (       DATA4C.ASM):00782                 FCB     $00
668E C0               (       DATA4C.ASM):00783                 FCB     $C0
668F 00               (       DATA4C.ASM):00784                 FCB     $00
6690 00               (       DATA4C.ASM):00785         D6690H  FCB     $00
6691 00               (       DATA4C.ASM):00786                 FCB     $00
6692 00               (       DATA4C.ASM):00787                 FCB     $00
6693 00               (       DATA4C.ASM):00788                 FCB     $00
6694 00               (       DATA4C.ASM):00789                 FCB     $00
6695 00               (       DATA4C.ASM):00790                 FCB     $00
6696 03               (       DATA4C.ASM):00791                 FCB     $03
6697 00               (       DATA4C.ASM):00792                 FCB     $00
6698 00               (       DATA4C.ASM):00793                 FCB     $00
6699 03               (       DATA4C.ASM):00794                 FCB     $03
669A 00               (       DATA4C.ASM):00795                 FCB     $00
669B 00               (       DATA4C.ASM):00796                 FCB     $00
669C 00               (       DATA4C.ASM):00797                 FCB     $00
669D 00               (       DATA4C.ASM):00798                 FCB     $00
669E 00               (       DATA4C.ASM):00799                 FCB     $00
669F 00               (       DATA4C.ASM):00800                 FCB     $00
66A0 00               (       DATA4C.ASM):00801         D66A0H  FCB     $00
66A1 00               (       DATA4C.ASM):00802                 FCB     $00
66A2 00               (       DATA4C.ASM):00803                 FCB     $00
66A3 00               (       DATA4C.ASM):00804                 FCB     $00
66A4 00               (       DATA4C.ASM):00805                 FCB     $00
66A5 00               (       DATA4C.ASM):00806                 FCB     $00
66A6 00               (       DATA4C.ASM):00807                 FCB     $00
66A7 00               (       DATA4C.ASM):00808                 FCB     $00
66A8 00               (       DATA4C.ASM):00809                 FCB     $00
66A9 C0               (       DATA4C.ASM):00810                 FCB     $C0
66AA 00               (       DATA4C.ASM):00811                 FCB     $00
66AB 00               (       DATA4C.ASM):00812                 FCB     $00
66AC C0               (       DATA4C.ASM):00813                 FCB     $C0
66AD 00               (       DATA4C.ASM):00814                 FCB     $00
66AE 00               (       DATA4C.ASM):00815                 FCB     $00
66AF 00               (       DATA4C.ASM):00816                 FCB     $00
66B0 00               (       DATA4C.ASM):00817         D66B0H  FCB     $00
66B1 00               (       DATA4C.ASM):00818                 FCB     $00
66B2 00               (       DATA4C.ASM):00819                 FCB     $00
66B3 00               (       DATA4C.ASM):00820                 FCB     $00
66B4 00               (       DATA4C.ASM):00821                 FCB     $00
66B5 00               (       DATA4C.ASM):00822                 FCB     $00
66B6 00               (       DATA4C.ASM):00823                 FCB     $00
66B7 00               (       DATA4C.ASM):00824                 FCB     $00
66B8 00               (       DATA4C.ASM):00825                 FCB     $00
66B9 00               (       DATA4C.ASM):00826                 FCB     $00
66BA 00               (       DATA4C.ASM):00827                 FCB     $00
66BB 30               (       DATA4C.ASM):00828                 FCB     $30
66BC 00               (       DATA4C.ASM):00829                 FCB     $00
66BD 00               (       DATA4C.ASM):00830                 FCB     $00
66BE 30               (       DATA4C.ASM):00831                 FCB     $30
66BF 00               (       DATA4C.ASM):00832                 FCB     $00
66C0 00               (       DATA4C.ASM):00833         D66C0H  FCB     $00
66C1 00               (       DATA4C.ASM):00834                 FCB     $00
66C2 00               (       DATA4C.ASM):00835                 FCB     $00
66C3 00               (       DATA4C.ASM):00836                 FCB     $00
66C4 00               (       DATA4C.ASM):00837                 FCB     $00
66C5 00               (       DATA4C.ASM):00838                 FCB     $00
66C6 00               (       DATA4C.ASM):00839                 FCB     $00
66C7 00               (       DATA4C.ASM):00840                 FCB     $00
66C8 00               (       DATA4C.ASM):00841                 FCB     $00
66C9 00               (       DATA4C.ASM):00842                 FCB     $00
66CA 00               (       DATA4C.ASM):00843                 FCB     $00
66CB 00               (       DATA4C.ASM):00844                 FCB     $00
66CC 00               (       DATA4C.ASM):00845                 FCB     $00
66CD 0C               (       DATA4C.ASM):00846                 FCB     $0C
66CE 00               (       DATA4C.ASM):00847                 FCB     $00
66CF 00               (       DATA4C.ASM):00848                 FCB     $00
66D0 0C               (       DATA4C.ASM):00849         D66D0H  FCB     $0C
66D1 00               (       DATA4C.ASM):00850                 FCB     $00
66D2 00               (       DATA4C.ASM):00851                 FCB     $00
66D3 00               (       DATA4C.ASM):00852                 FCB     $00
66D4 00               (       DATA4C.ASM):00853                 FCB     $00
66D5 00               (       DATA4C.ASM):00854                 FCB     $00
66D6 00               (       DATA4C.ASM):00855                 FCB     $00
66D7 00               (       DATA4C.ASM):00856                 FCB     $00
66D8 00               (       DATA4C.ASM):00857                 FCB     $00
66D9 00               (       DATA4C.ASM):00858                 FCB     $00
66DA 00               (       DATA4C.ASM):00859                 FCB     $00
66DB 00               (       DATA4C.ASM):00860                 FCB     $00
66DC 00               (       DATA4C.ASM):00861                 FCB     $00
66DD 00               (       DATA4C.ASM):00862                 FCB     $00
66DE 00               (       DATA4C.ASM):00863                 FCB     $00
66DF 00               (       DATA4C.ASM):00864                 FCB     $00
66E0 00               (       DATA4C.ASM):00865         D66E0H  FCB     $00
66E1 00               (       DATA4C.ASM):00866                 FCB     $00
66E2 00               (       DATA4C.ASM):00867                 FCB     $00
66E3 00               (       DATA4C.ASM):00868                 FCB     $00
66E4 00               (       DATA4C.ASM):00869                 FCB     $00
66E5 00               (       DATA4C.ASM):00870                 FCB     $00
66E6 00               (       DATA4C.ASM):00871                 FCB     $00
66E7 00               (       DATA4C.ASM):00872                 FCB     $00
66E8 00               (       DATA4C.ASM):00873                 FCB     $00
66E9 00               (       DATA4C.ASM):00874                 FCB     $00
66EA 00               (       DATA4C.ASM):00875                 FCB     $00
                      (       DATA4C.ASM):00876                 END     D6381H

Symbol Table:
[ G] D6381H                           6381
[ G] D6390H                           6390
[ G] D63A0H                           63A0
[ G] D63B0H                           63B0
[ G] D63C0H                           63C0
[ G] D63D0H                           63D0
[ G] D63E0H                           63E0
[ G] D63F0H                           63F0
[ G] D6400H                           6400
[ G] D6410H                           6410
[ G] D6420H                           6420
[ G] D6430H                           6430
[ G] D6440H                           6440
[ G] D6450H                           6450
[ G] D6460H                           6460
[ G] D6470H                           6470
[ G] D6480H                           6480
[ G] D6490H                           6490
[ G] D64A0H                           64A0
[ G] D64B0H                           64B0
[ G] D64C0H                           64C0
[ G] D64D0H                           64D0
[ G] D64E0H                           64E0
[ G] D64F0H                           64F0
[ G] D6500H                           6500
[ G] D6510H                           6510
[ G] D6520H                           6520
[ G] D6530H                           6530
[ G] D6540H                           6540
[ G] D6550H                           6550
[ G] D6560H                           6560
[ G] D6570H                           6570
[ G] D6580H                           6580
[ G] D6590H                           6590
[ G] D65A0H                           65A0
[ G] D65B0H                           65B0
[ G] D65C0H                           65C0
[ G] D65D0H                           65D0
[ G] D65E0H                           65E0
[ G] D65F0H                           65F0
[ G] D6600H                           6600
[ G] D6610H                           6610
[ G] D6620H                           6620
[ G] D6630H                           6630
[ G] D6640H                           6640
[ G] D6650H                           6650
[ G] D6660H                           6660
[ G] D6670H                           6670
[ G] D6680H                           6680
[ G] D6690H                           6690
[ G] D66A0H                           66A0
[ G] D66B0H                           66B0
[ G] D66C0H                           66C0
[ G] D66D0H                           66D0
[ G] D66E0H                           66E0
