                      (                       DATA3.ASM):00001         ORG     $5BDC
                      (                       DATA3.ASM):00002                         ; Tables for orderly movement
                      (                       DATA3.ASM):00003                         ; of pods at the beginning of
                      (                       DATA3.ASM):00004                         ; each screen
                      (                       DATA3.ASM):00005 
5BDC 02               (                       DATA3.ASM):00006 PATRN1  FCB     $02     ; Pattern 1
5BDD 02               (                       DATA3.ASM):00007         FCB     $02
5BDE 03               (                       DATA3.ASM):00008         FCB     $03
5BDF 02               (                       DATA3.ASM):00009         FCB     $02
5BE0 02               (                       DATA3.ASM):00010         FCB     $02
5BE1 03               (                       DATA3.ASM):00011         FCB     $03
5BE2 03               (                       DATA3.ASM):00012         FCB     $03
5BE3 04               (                       DATA3.ASM):00013         FCB     $04
5BE4 05               (                       DATA3.ASM):00014         FCB     $05
5BE5 05               (                       DATA3.ASM):00015         FCB     $05
5BE6 06               (                       DATA3.ASM):00016         FCB     $06
5BE7 06               (                       DATA3.ASM):00017         FCB     $06
5BE8 05               (                       DATA3.ASM):00018         FCB     $05
5BE9 06               (                       DATA3.ASM):00019         FCB     $06
5BEA 06               (                       DATA3.ASM):00020         FCB     $06
5BEB 06               (                       DATA3.ASM):00021         FCB     $06
5BEC 06               (                       DATA3.ASM):00022         FCB     $06
5BED 07               (                       DATA3.ASM):00023         FCB     $07
5BEE 06               (                       DATA3.ASM):00024         FCB     $06
5BEF 06               (                       DATA3.ASM):00025         FCB     $06
5BF0 07               (                       DATA3.ASM):00026         FCB     $07
5BF1 07               (                       DATA3.ASM):00027         FCB     $07
5BF2 00               (                       DATA3.ASM):00028         FCB     $00
5BF3 01               (                       DATA3.ASM):00029         FCB     $01
5BF4 01               (                       DATA3.ASM):00030         FCB     $01
5BF5 02               (                       DATA3.ASM):00031         FCB     $02
5BF6 02               (                       DATA3.ASM):00032         FCB     $02
5BF7 01               (                       DATA3.ASM):00033         FCB     $01
5BF8 02               (                       DATA3.ASM):00034         FCB     $02
5BF9 02               (                       DATA3.ASM):00035         FCB     $02
5BFA 1E               (                       DATA3.ASM):00036         FCB     $1E
                      (                       DATA3.ASM):00037 
5BFB 02               (                       DATA3.ASM):00038 PATRN2  FCB     $02     ; Pattern 2
5BFC 02               (                       DATA3.ASM):00039         FCB     $02
5BFD 03               (                       DATA3.ASM):00040         FCB     $03
5BFE 02               (                       DATA3.ASM):00041         FCB     $02
5BFF 02               (                       DATA3.ASM):00042         FCB     $02
5C00 03               (                       DATA3.ASM):00043         FCB     $03
5C01 03               (                       DATA3.ASM):00044         FCB     $03
5C02 04               (                       DATA3.ASM):00045         FCB     $04
5C03 05               (                       DATA3.ASM):00046         FCB     $05
5C04 05               (                       DATA3.ASM):00047         FCB     $05
5C05 06               (                       DATA3.ASM):00048         FCB     $06
5C06 06               (                       DATA3.ASM):00049         FCB     $06
5C07 05               (                       DATA3.ASM):00050         FCB     $05
5C08 06               (                       DATA3.ASM):00051         FCB     $06
5C09 06               (                       DATA3.ASM):00052         FCB     $06
5C0A 06               (                       DATA3.ASM):00053         FCB     $06
5C0B 06               (                       DATA3.ASM):00054         FCB     $06
5C0C 07               (                       DATA3.ASM):00055         FCB     $07
5C0D 06               (                       DATA3.ASM):00056         FCB     $06
5C0E 06               (                       DATA3.ASM):00057         FCB     $06
5C0F 07               (                       DATA3.ASM):00058         FCB     $07
5C10 07               (                       DATA3.ASM):00059         FCB     $07
5C11 00               (                       DATA3.ASM):00060         FCB     $00
5C12 01               (                       DATA3.ASM):00061         FCB     $01
5C13 01               (                       DATA3.ASM):00062         FCB     $01
5C14 02               (                       DATA3.ASM):00063         FCB     $02
5C15 02               (                       DATA3.ASM):00064         FCB     $02
5C16 01               (                       DATA3.ASM):00065         FCB     $01
5C17 02               (                       DATA3.ASM):00066         FCB     $02
5C18 02               (                       DATA3.ASM):00067         FCB     $02
5C19 06               (                       DATA3.ASM):00068         FCB     $06
5C1A 06               (                       DATA3.ASM):00069         FCB     $06
5C1B 05               (                       DATA3.ASM):00070         FCB     $05
5C1C 06               (                       DATA3.ASM):00071         FCB     $06
5C1D 06               (                       DATA3.ASM):00072         FCB     $06
5C1E 05               (                       DATA3.ASM):00073         FCB     $05
5C1F 05               (                       DATA3.ASM):00074         FCB     $05
5C20 04               (                       DATA3.ASM):00075         FCB     $04
5C21 03               (                       DATA3.ASM):00076         FCB     $03
5C22 03               (                       DATA3.ASM):00077         FCB     $03
5C23 02               (                       DATA3.ASM):00078         FCB     $02
5C24 02               (                       DATA3.ASM):00079         FCB     $02
5C25 03               (                       DATA3.ASM):00080         FCB     $03
5C26 02               (                       DATA3.ASM):00081         FCB     $02
5C27 02               (                       DATA3.ASM):00082         FCB     $02
5C28 02               (                       DATA3.ASM):00083         FCB     $02
5C29 02               (                       DATA3.ASM):00084         FCB     $02
5C2A 01               (                       DATA3.ASM):00085         FCB     $01
5C2B 02               (                       DATA3.ASM):00086         FCB     $02
5C2C 02               (                       DATA3.ASM):00087         FCB     $02
5C2D 01               (                       DATA3.ASM):00088         FCB     $01
5C2E 01               (                       DATA3.ASM):00089         FCB     $01
5C2F 00               (                       DATA3.ASM):00090         FCB     $00
5C30 07               (                       DATA3.ASM):00091         FCB     $07
5C31 07               (                       DATA3.ASM):00092         FCB     $07
5C32 06               (                       DATA3.ASM):00093         FCB     $06
5C33 06               (                       DATA3.ASM):00094         FCB     $06
5C34 07               (                       DATA3.ASM):00095         FCB     $07
5C35 06               (                       DATA3.ASM):00096         FCB     $06
5C36 06               (                       DATA3.ASM):00097         FCB     $06
5C37 3C               (                       DATA3.ASM):00098         FCB     $3C
                      (                       DATA3.ASM):00099 
5C38 01               (                       DATA3.ASM):00100 PATRN3  FCB     $01     ; Pattern 3
5C39 02               (                       DATA3.ASM):00101         FCB     $02
5C3A 01               (                       DATA3.ASM):00102         FCB     $01
5C3B 02               (                       DATA3.ASM):00103         FCB     $02
5C3C 01               (                       DATA3.ASM):00104         FCB     $01
5C3D 02               (                       DATA3.ASM):00105         FCB     $02
5C3E 01               (                       DATA3.ASM):00106         FCB     $01
5C3F 02               (                       DATA3.ASM):00107         FCB     $02
5C40 01               (                       DATA3.ASM):00108         FCB     $01
5C41 02               (                       DATA3.ASM):00109         FCB     $02
5C42 01               (                       DATA3.ASM):00110         FCB     $01
5C43 02               (                       DATA3.ASM):00111         FCB     $02
5C44 03               (                       DATA3.ASM):00112         FCB     $03
5C45 02               (                       DATA3.ASM):00113         FCB     $02
5C46 03               (                       DATA3.ASM):00114         FCB     $03
5C47 02               (                       DATA3.ASM):00115         FCB     $02
5C48 03               (                       DATA3.ASM):00116         FCB     $03
5C49 02               (                       DATA3.ASM):00117         FCB     $02
5C4A 03               (                       DATA3.ASM):00118         FCB     $03
5C4B 02               (                       DATA3.ASM):00119         FCB     $02
5C4C 03               (                       DATA3.ASM):00120         FCB     $03
5C4D 02               (                       DATA3.ASM):00121         FCB     $02
5C4E 03               (                       DATA3.ASM):00122         FCB     $03
5C4F 02               (                       DATA3.ASM):00123         FCB     $02
5C50 06               (                       DATA3.ASM):00124         FCB     $06
5C51 07               (                       DATA3.ASM):00125         FCB     $07
5C52 06               (                       DATA3.ASM):00126         FCB     $06
5C53 07               (                       DATA3.ASM):00127         FCB     $07
5C54 06               (                       DATA3.ASM):00128         FCB     $06
5C55 07               (                       DATA3.ASM):00129         FCB     $07
5C56 06               (                       DATA3.ASM):00130         FCB     $06
5C57 07               (                       DATA3.ASM):00131         FCB     $07
5C58 06               (                       DATA3.ASM):00132         FCB     $06
5C59 07               (                       DATA3.ASM):00133         FCB     $07
5C5A 06               (                       DATA3.ASM):00134         FCB     $06
5C5B 07               (                       DATA3.ASM):00135         FCB     $07
5C5C 06               (                       DATA3.ASM):00136         FCB     $06
5C5D 05               (                       DATA3.ASM):00137         FCB     $05
5C5E 06               (                       DATA3.ASM):00138         FCB     $06
5C5F 05               (                       DATA3.ASM):00139         FCB     $05
5C60 06               (                       DATA3.ASM):00140         FCB     $06
5C61 05               (                       DATA3.ASM):00141         FCB     $05
5C62 06               (                       DATA3.ASM):00142         FCB     $06
5C63 05               (                       DATA3.ASM):00143         FCB     $05
5C64 06               (                       DATA3.ASM):00144         FCB     $06
5C65 05               (                       DATA3.ASM):00145         FCB     $05
5C66 06               (                       DATA3.ASM):00146         FCB     $06
5C67 05               (                       DATA3.ASM):00147         FCB     $05
5C68 30               (                       DATA3.ASM):00148         FCB     $30
                      (                       DATA3.ASM):00149 
5C69 06               (                       DATA3.ASM):00150 PATRN4  FCB     $06     ; Pattern 4
5C6A 06               (                       DATA3.ASM):00151         FCB     $06
5C6B 06               (                       DATA3.ASM):00152         FCB     $06
5C6C 06               (                       DATA3.ASM):00153         FCB     $06
5C6D 06               (                       DATA3.ASM):00154         FCB     $06
5C6E 06               (                       DATA3.ASM):00155         FCB     $06
5C6F 06               (                       DATA3.ASM):00156         FCB     $06
5C70 06               (                       DATA3.ASM):00157         FCB     $06
5C71 03               (                       DATA3.ASM):00158         FCB     $03
5C72 03               (                       DATA3.ASM):00159         FCB     $03
5C73 03               (                       DATA3.ASM):00160         FCB     $03
5C74 03               (                       DATA3.ASM):00161         FCB     $03
5C75 03               (                       DATA3.ASM):00162         FCB     $03
5C76 03               (                       DATA3.ASM):00163         FCB     $03
5C77 03               (                       DATA3.ASM):00164         FCB     $03
5C78 03               (                       DATA3.ASM):00165         FCB     $03
5C79 01               (                       DATA3.ASM):00166         FCB     $01
5C7A 01               (                       DATA3.ASM):00167         FCB     $01
5C7B 01               (                       DATA3.ASM):00168         FCB     $01
5C7C 01               (                       DATA3.ASM):00169         FCB     $01
5C7D 01               (                       DATA3.ASM):00170         FCB     $01
5C7E 01               (                       DATA3.ASM):00171         FCB     $01
5C7F 01               (                       DATA3.ASM):00172         FCB     $01
5C80 01               (                       DATA3.ASM):00173         FCB     $01
5C81 06               (                       DATA3.ASM):00174         FCB     $06
5C82 06               (                       DATA3.ASM):00175         FCB     $06
5C83 06               (                       DATA3.ASM):00176         FCB     $06
5C84 06               (                       DATA3.ASM):00177         FCB     $06
5C85 06               (                       DATA3.ASM):00178         FCB     $06
5C86 06               (                       DATA3.ASM):00179         FCB     $06
5C87 06               (                       DATA3.ASM):00180         FCB     $06
5C88 06               (                       DATA3.ASM):00181         FCB     $06
5C89 20               (                       DATA3.ASM):00182         FCB     $20
                      (                       DATA3.ASM):00183 
5C8A 05               (                       DATA3.ASM):00184 PATRN5  FCB     $05     ; Table for orderly movement
5C8B 05               (                       DATA3.ASM):00185         FCB     $05     ; of the 'Armor' wave, once
5C8C 06               (                       DATA3.ASM):00186         FCB     $06     ; hatched
5C8D 05               (                       DATA3.ASM):00187         FCB     $05
5C8E 06               (                       DATA3.ASM):00188         FCB     $06
5C8F 06               (                       DATA3.ASM):00189         FCB     $06
5C90 06               (                       DATA3.ASM):00190         FCB     $06
5C91 06               (                       DATA3.ASM):00191         FCB     $06
5C92 06               (                       DATA3.ASM):00192         FCB     $06
5C93 06               (                       DATA3.ASM):00193         FCB     $06
5C94 07               (                       DATA3.ASM):00194         FCB     $07
5C95 06               (                       DATA3.ASM):00195         FCB     $06
5C96 07               (                       DATA3.ASM):00196         FCB     $07
5C97 07               (                       DATA3.ASM):00197         FCB     $07
5C98 00               (                       DATA3.ASM):00198         FCB     $00
5C99 01               (                       DATA3.ASM):00199         FCB     $01
5C9A 01               (                       DATA3.ASM):00200         FCB     $01
5C9B 02               (                       DATA3.ASM):00201         FCB     $02
5C9C 01               (                       DATA3.ASM):00202         FCB     $01
5C9D 02               (                       DATA3.ASM):00203         FCB     $02
5C9E 02               (                       DATA3.ASM):00204         FCB     $02
5C9F 02               (                       DATA3.ASM):00205         FCB     $02
5CA0 02               (                       DATA3.ASM):00206         FCB     $02
5CA1 02               (                       DATA3.ASM):00207         FCB     $02
5CA2 02               (                       DATA3.ASM):00208         FCB     $02
5CA3 03               (                       DATA3.ASM):00209         FCB     $03
5CA4 02               (                       DATA3.ASM):00210         FCB     $02
5CA5 03               (                       DATA3.ASM):00211         FCB     $03
5CA6 03               (                       DATA3.ASM):00212         FCB     $03
5CA7 03               (                       DATA3.ASM):00213         FCB     $03
5CA8 03               (                       DATA3.ASM):00214         FCB     $03
5CA9 03               (                       DATA3.ASM):00215         FCB     $03
5CAA 02               (                       DATA3.ASM):00216         FCB     $02
5CAB 03               (                       DATA3.ASM):00217         FCB     $03
5CAC 02               (                       DATA3.ASM):00218         FCB     $02
5CAD 02               (                       DATA3.ASM):00219         FCB     $02
5CAE 02               (                       DATA3.ASM):00220         FCB     $02
5CAF 02               (                       DATA3.ASM):00221         FCB     $02
5CB0 02               (                       DATA3.ASM):00222         FCB     $02
5CB1 02               (                       DATA3.ASM):00223         FCB     $02
5CB2 01               (                       DATA3.ASM):00224         FCB     $01
5CB3 02               (                       DATA3.ASM):00225         FCB     $02
5CB4 01               (                       DATA3.ASM):00226         FCB     $01
5CB5 01               (                       DATA3.ASM):00227         FCB     $01
5CB6 00               (                       DATA3.ASM):00228         FCB     $00
5CB7 07               (                       DATA3.ASM):00229         FCB     $07
5CB8 07               (                       DATA3.ASM):00230         FCB     $07
5CB9 06               (                       DATA3.ASM):00231         FCB     $06
5CBA 07               (                       DATA3.ASM):00232         FCB     $07
5CBB 06               (                       DATA3.ASM):00233         FCB     $06
5CBC 06               (                       DATA3.ASM):00234         FCB     $06
5CBD 06               (                       DATA3.ASM):00235         FCB     $06
5CBE 06               (                       DATA3.ASM):00236         FCB     $06
5CBF 06               (                       DATA3.ASM):00237         FCB     $06
5CC0 06               (                       DATA3.ASM):00238         FCB     $06
5CC1 05               (                       DATA3.ASM):00239         FCB     $05
5CC2 06               (                       DATA3.ASM):00240         FCB     $06
5CC3 05               (                       DATA3.ASM):00241         FCB     $05
5CC4 05               (                       DATA3.ASM):00242         FCB     $05
5CC5 05               (                       DATA3.ASM):00243         FCB     $05
5CC6 3C               (                       DATA3.ASM):00244         FCB     $3C
                      (                       DATA3.ASM):00245         END

Symbol Table:
[ G] PATRN1                           5BDC
[ G] PATRN2                           5BFB
[ G] PATRN3                           5C38
[ G] PATRN4                           5C69
[ G] PATRN5                           5C8A
